Archive member included to satisfy reference by file (symbol)

c:/users/admin/modustoolbox/tools_3.2/gcc/bin/../lib/gcc/arm-none-eabi/11.3.1/thumb/v6-m/nofp\libgcc.a(_udivsi3.o)
                              D:/SourceCode/ModusWorkspace/CN_FW_FORD132CD542_APP_MCU/build/FORD123_CD542_CY8C4147AZS-S285/Debug/app/src/BatteryApp.o (__aeabi_uidiv)
c:/users/admin/modustoolbox/tools_3.2/gcc/bin/../lib/gcc/arm-none-eabi/11.3.1/thumb/v6-m/nofp\libgcc.a(_divsi3.o)
                              D:/SourceCode/ModusWorkspace/CN_FW_FORD132CD542_APP_MCU/build/FORD123_CD542_CY8C4147AZS-S285/Debug/ext/mtb_shared/mtb-pdl-cat2/release-v2.11.0/drivers/source/cy_sar.o (__aeabi_idiv)
c:/users/admin/modustoolbox/tools_3.2/gcc/bin/../lib/gcc/arm-none-eabi/11.3.1/thumb/v6-m/nofp\libgcc.a(_dvmd_tls.o)
                              c:/users/admin/modustoolbox/tools_3.2/gcc/bin/../lib/gcc/arm-none-eabi/11.3.1/thumb/v6-m/nofp\libgcc.a(_udivsi3.o) (__aeabi_idiv0)
c:/users/admin/modustoolbox/tools_3.2/gcc/bin/../lib/gcc/arm-none-eabi/11.3.1/thumb/v6-m/nofp\libgcc.a(divsf3.o)
                              D:/SourceCode/ModusWorkspace/CN_FW_FORD132CD542_APP_MCU/build/FORD123_CD542_CY8C4147AZS-S285/Debug/ext/mtb_shared/mtb-pdl-cat2/release-v2.11.0/drivers/source/cy_sar.o (__aeabi_fdiv)
c:/users/admin/modustoolbox/tools_3.2/gcc/bin/../lib/gcc/arm-none-eabi/11.3.1/thumb/v6-m/nofp\libgcc.a(mulsf3.o)
                              D:/SourceCode/ModusWorkspace/CN_FW_FORD132CD542_APP_MCU/build/FORD123_CD542_CY8C4147AZS-S285/Debug/ext/mtb_shared/mtb-pdl-cat2/release-v2.11.0/drivers/source/cy_sar.o (__aeabi_fmul)
c:/users/admin/modustoolbox/tools_3.2/gcc/bin/../lib/gcc/arm-none-eabi/11.3.1/thumb/v6-m/nofp\libgcc.a(floatsisf.o)
                              D:/SourceCode/ModusWorkspace/CN_FW_FORD132CD542_APP_MCU/build/FORD123_CD542_CY8C4147AZS-S285/Debug/ext/mtb_shared/mtb-pdl-cat2/release-v2.11.0/drivers/source/cy_sar.o (__aeabi_i2f)
c:/users/admin/modustoolbox/tools_3.2/gcc/bin/../lib/gcc/arm-none-eabi/11.3.1/thumb/v6-m/nofp\libgcc.a(_clzsi2.o)
                              c:/users/admin/modustoolbox/tools_3.2/gcc/bin/../lib/gcc/arm-none-eabi/11.3.1/thumb/v6-m/nofp\libgcc.a(divsf3.o) (__clzsi2)
c:/users/admin/modustoolbox/tools_3.2/gcc/bin/../lib/gcc/arm-none-eabi/11.3.1/thumb/v6-m/nofp\libg_nano.a(libc_a-exit.o)
                              c:/users/admin/modustoolbox/tools_3.2/gcc/bin/../lib/gcc/arm-none-eabi/11.3.1/thumb/v6-m/nofp/crt0.o (exit)
c:/users/admin/modustoolbox/tools_3.2/gcc/bin/../lib/gcc/arm-none-eabi/11.3.1/thumb/v6-m/nofp\libg_nano.a(libc_a-findfp.o)
                              c:/users/admin/modustoolbox/tools_3.2/gcc/bin/../lib/gcc/arm-none-eabi/11.3.1/thumb/v6-m/nofp\libg_nano.a(libc_a-exit.o) (__stdio_exit_handler)
c:/users/admin/modustoolbox/tools_3.2/gcc/bin/../lib/gcc/arm-none-eabi/11.3.1/thumb/v6-m/nofp\libg_nano.a(libc_a-fwalk.o)
                              c:/users/admin/modustoolbox/tools_3.2/gcc/bin/../lib/gcc/arm-none-eabi/11.3.1/thumb/v6-m/nofp\libg_nano.a(libc_a-findfp.o) (_fwalk_sglue)
c:/users/admin/modustoolbox/tools_3.2/gcc/bin/../lib/gcc/arm-none-eabi/11.3.1/thumb/v6-m/nofp\libg_nano.a(libc_a-sprintf.o)
                              D:/SourceCode/ModusWorkspace/CN_FW_FORD132CD542_APP_MCU/build/FORD123_CD542_CY8C4147AZS-S285/Debug/app/src/BacklightApp.o (sprintf)
c:/users/admin/modustoolbox/tools_3.2/gcc/bin/../lib/gcc/arm-none-eabi/11.3.1/thumb/v6-m/nofp\libg_nano.a(libc_a-stdio.o)
                              c:/users/admin/modustoolbox/tools_3.2/gcc/bin/../lib/gcc/arm-none-eabi/11.3.1/thumb/v6-m/nofp\libg_nano.a(libc_a-findfp.o) (__sread)
c:/users/admin/modustoolbox/tools_3.2/gcc/bin/../lib/gcc/arm-none-eabi/11.3.1/thumb/v6-m/nofp\libg_nano.a(libc_a-memset.o)
                              c:/users/admin/modustoolbox/tools_3.2/gcc/bin/../lib/gcc/arm-none-eabi/11.3.1/thumb/v6-m/nofp/crt0.o (memset)
c:/users/admin/modustoolbox/tools_3.2/gcc/bin/../lib/gcc/arm-none-eabi/11.3.1/thumb/v6-m/nofp\libg_nano.a(libc_a-closer.o)
                              c:/users/admin/modustoolbox/tools_3.2/gcc/bin/../lib/gcc/arm-none-eabi/11.3.1/thumb/v6-m/nofp\libg_nano.a(libc_a-stdio.o) (_close_r)
c:/users/admin/modustoolbox/tools_3.2/gcc/bin/../lib/gcc/arm-none-eabi/11.3.1/thumb/v6-m/nofp\libg_nano.a(libc_a-reent.o)
                              c:/users/admin/modustoolbox/tools_3.2/gcc/bin/../lib/gcc/arm-none-eabi/11.3.1/thumb/v6-m/nofp\libg_nano.a(libc_a-closer.o) (errno)
c:/users/admin/modustoolbox/tools_3.2/gcc/bin/../lib/gcc/arm-none-eabi/11.3.1/thumb/v6-m/nofp\libg_nano.a(libc_a-impure.o)
                              c:/users/admin/modustoolbox/tools_3.2/gcc/bin/../lib/gcc/arm-none-eabi/11.3.1/thumb/v6-m/nofp\libg_nano.a(libc_a-sprintf.o) (_impure_ptr)
c:/users/admin/modustoolbox/tools_3.2/gcc/bin/../lib/gcc/arm-none-eabi/11.3.1/thumb/v6-m/nofp\libg_nano.a(libc_a-lseekr.o)
[...]
Memory Configuration

Name             Origin             Length             Attributes
FLASH            0x00000000         0x00020000         xr
RAM              0x20000000         0x00004000         xrw
*default*        0x00000000         0xffffffff

Linker script and memory map

LOAD c:/users/admin/modustoolbox/tools_3.2/gcc/bin/../lib/gcc/arm-none-eabi/11.3.1/thumb/v6-m/nofp/crti.o
LOAD c:/users/admin/modustoolbox/tools_3.2/gcc/bin/../lib/gcc/arm-none-eabi/11.3.1/thumb/v6-m/nofp/crtbegin.o
LOAD c:/users/admin/modustoolbox/tools_3.2/gcc/bin/../lib/gcc/arm-none-eabi/11.3.1/thumb/v6-m/nofp/crt0.o
LOAD D:/SourceCode/ModusWorkspace/CN_FW_FORD132CD542_APP_MCU/build/FORD123_CD542_CY8C4147AZS-S285/Debug/app/src/BacklightApp.o
LOAD D:/SourceCode/ModusWorkspace/CN_FW_FORD132CD542_APP_MCU/build/FORD123_CD542_CY8C4147AZS-S285/Debug/app/src/BatteryApp.o
LOAD D:/SourceCode/ModusWorkspace/CN_FW_FORD132CD542_APP_MCU/build/FORD123_CD542_CY8C4147AZS-S285/Debug/app/src/DeviceApp.o
LOAD D:/SourceCode/ModusWorkspace/CN_FW_FORD132CD542_APP_MCU/build/FORD123_CD542_CY8C4147AZS-S285/Debug/app/src/DiagApp.o
LOAD D:/SourceCode/ModusWorkspace/CN_FW_FORD132CD542_APP_MCU/build/FORD123_CD542_CY8C4147AZS-S285/Debug/app/src/FlashApp.o
LOAD D:/SourceCode/ModusWorkspace/CN_FW_FORD132CD542_APP_MCU/build/FORD123_CD542_CY8C4147AZS-S285/Debug/app/src/I2C2SlaveApp.o
LOAD D:/SourceCode/ModusWorkspace/CN_FW_FORD132CD542_APP_MCU/build/FORD123_CD542_CY8C4147AZS-S285/Debug/app/src/INTBApp.o
LOAD D:/SourceCode/ModusWorkspace/CN_FW_FORD132CD542_APP_MCU/build/FORD123_CD542_CY8C4147AZS-S285/Debug/app/src/MainApp.o
LOAD D:/SourceCode/ModusWorkspace/CN_FW_FORD132CD542_APP_MCU/build/FORD123_CD542_CY8C4147AZS-S285/Debug/app/src/PowerApp.o
LOAD D:/SourceCode/ModusWorkspace/CN_FW_FORD132CD542_APP_MCU/build/FORD123_CD542_CY8C4147AZS-S285/Debug/app/src/RegisterApp.o
LOAD D:/SourceCode/ModusWorkspace/CN_FW_FORD132CD542_APP_MCU/build/FORD123_CD542_CY8C4147AZS-S285/Debug/app/src/StackTaskApp.o
LOAD D:/SourceCode/ModusWorkspace/CN_FW_FORD132CD542_APP_MCU/build/FORD123_CD542_CY8C4147AZS-S285/Debug/app/src/TC0App.o
LOAD D:/SourceCode/ModusWorkspace/CN_FW_FORD132CD542_APP_MCU/build/FORD123_CD542_CY8C4147AZS-S285/Debug/app/src/UartApp.o
LOAD D:/SourceCode/ModusWorkspace/CN_FW_FORD132CD542_APP_MCU/build/FORD123_CD542_CY8C4147AZS-S285/Debug/app/src/UpdateApp.o
LOAD D:/SourceCode/ModusWorkspace/CN_FW_FORD132CD542_APP_MCU/build/FORD123_CD542_CY8C4147AZS-S285/Debug/app/src/WdtApp.o
LOAD D:/SourceCode/ModusWorkspace/CN_FW_FORD132CD542_APP_MCU/build/FORD123_CD542_CY8C4147AZS-S285/Debug/bsps/TARGET_FORD123_CD542_CY8C4147AZS-S285/config/GeneratedSource/cycfg.o
LOAD D:/SourceCode/ModusWorkspace/CN_FW_FORD132CD542_APP_MCU/build/FORD123_CD542_CY8C4147AZS-S285/Debug/bsps/TARGET_FORD123_CD542_CY8C4147AZS-S285/config/GeneratedSource/cycfg_clocks.o
LOAD D:/SourceCode/ModusWorkspace/CN_FW_FORD132CD542_APP_MCU/build/FORD123_CD542_CY8C4147AZS-S285/Debug/bsps/TARGET_FORD123_CD542_CY8C4147AZS-S285/config/GeneratedSource/cycfg_peripherals.o
LOAD D:/SourceCode/ModusWorkspace/CN_FW_FORD132CD542_APP_MCU/build/FORD123_CD542_CY8C4147AZS-S285/Debug/bsps/TARGET_FORD123_CD542_CY8C4147AZS-S285/config/GeneratedSource/cycfg_pins.o
LOAD D:/SourceCode/ModusWorkspace/CN_FW_FORD132CD542_APP_MCU/build/FORD123_CD542_CY8C4147AZS-S285/Debug/bsps/TARGET_FORD123_CD542_CY8C4147AZS-S285/config/GeneratedSource/cycfg_routing.o
LOAD D:/SourceCode/ModusWorkspace/CN_FW_FORD132CD542_APP_MCU/build/FORD123_CD542_CY8C4147AZS-S285/Debug/bsps/TARGET_FORD123_CD542_CY8C4147AZS-S285/config/GeneratedSource/cycfg_system.o
LOAD D:/SourceCode/ModusWorkspace/CN_FW_FORD132CD542_APP_MCU/build/FORD123_CD542_CY8C4147AZS-S285/Debug/bsps/TARGET_FORD123_CD542_CY8C4147AZS-S285/cybsp.o
LOAD D:/SourceCode/ModusWorkspace/CN_FW_FORD132CD542_APP_MCU/build/FORD123_CD542_CY8C4147AZS-S285/Debug/bsps/TARGET_FORD123_CD542_CY8C4147AZS-S285/startup_psoc4100sp.o
LOAD D:/SourceCode/ModusWorkspace/CN_FW_FORD132CD542_APP_MCU/build/FORD123_CD542_CY8C4147AZS-S285/Debug/bsps/TARGET_FORD123_CD542_CY8C4147AZS-S285/system_cat2.o
LOAD D:/SourceCode/ModusWorkspace/CN_FW_FORD132CD542_APP_MCU/build/FORD123_CD542_CY8C4147AZS-S285/Debug/driver/src/AdcDriver.o
LOAD D:/SourceCode/ModusWorkspace/CN_FW_FORD132CD542_APP_MCU/build/FORD123_CD542_CY8C4147AZS-S285/Debug/driver/src/I2C2SDriver.o
LOAD D:/SourceCode/ModusWorkspace/CN_FW_FORD132CD542_APP_MCU/build/FORD123_CD542_CY8C4147AZS-S285/Debug/driver/src/I2C4MDriver.o
LOAD D:/SourceCode/ModusWorkspace/CN_FW_FORD132CD542_APP_MCU/build/FORD123_CD542_CY8C4147AZS-S285/Debug/driver/src/NVMDriver.o
LOAD D:/SourceCode/ModusWorkspace/CN_FW_FORD132CD542_APP_MCU/build/FORD123_CD542_CY8C4147AZS-S285/Debug/driver/src/PortDriver.o
LOAD D:/SourceCode/ModusWorkspace/CN_FW_FORD132CD542_APP_MCU/build/FORD123_CD542_CY8C4147AZS-S285/Debug/driver/src/PwmDriver.o
LOAD D:/SourceCode/ModusWorkspace/CN_FW_FORD132CD542_APP_MCU/build/FORD123_CD542_CY8C4147AZS-S285/Debug/driver/src/TC0Driver.o
LOAD D:/SourceCode/ModusWorkspace/CN_FW_FORD132CD542_APP_MCU/build/FORD123_CD542_CY8C4147AZS-S285/Debug/driver/src/UartDriver.o
LOAD D:/SourceCode/ModusWorkspace/CN_FW_FORD132CD542_APP_MCU/build/FORD123_CD542_CY8C4147AZS-S285/Debug/driver/src/WdtDriver.o
LOAD D:/SourceCode/ModusWorkspace/CN_FW_FORD132CD542_APP_MCU/build/FORD123_CD542_CY8C4147AZS-S285/Debug/main.o
LOAD D:/SourceCode/ModusWorkspace/CN_FW_FORD132CD542_APP_MCU/build/FORD123_CD542_CY8C4147AZS-S285/Debug/ext/mtb_shared/mtb-pdl-cat2/release-v2.11.0/drivers/source/COMPONENT_CM0P/TOOLCHAIN_GCC_ARM/cy_syslib_gcc.o
LOAD D:/SourceCode/ModusWorkspace/CN_FW_FORD132CD542_APP_MCU/build/FORD123_CD542_CY8C4147AZS-S285/Debug/ext/mtb_shared/mtb-pdl-cat2/release-v2.11.0/drivers/source/cy_canfd.o
LOAD D:/SourceCode/ModusWorkspace/CN_FW_FORD132CD542_APP_MCU/build/FORD123_CD542_CY8C4147AZS-S285/Debug/ext/mtb_shared/mtb-pdl-cat2/release-v2.11.0/drivers/source/cy_crypto_aes.o
LOAD D:/SourceCode/ModusWorkspace/CN_FW_FORD132CD542_APP_MCU/build/FORD123_CD542_CY8C4147AZS-S285/Debug/ext/mtb_shared/mtb-pdl-cat2/release-v2.11.0/drivers/source/cy_crypto_crc.o
LOAD D:/SourceCode/ModusWorkspace/CN_FW_FORD132CD542_APP_MCU/build/FORD123_CD542_CY8C4147AZS-S285/Debug/ext/mtb_shared/mtb-pdl-cat2/release-v2.11.0/drivers/source/cy_crypto_hw.o
LOAD D:/SourceCode/ModusWorkspace/CN_FW_FORD132CD542_APP_MCU/build/FORD123_CD542_CY8C4147AZS-S285/Debug/ext/mtb_shared/mtb-pdl-cat2/release-v2.11.0/drivers/source/cy_crypto_sha.o
LOAD D:/SourceCode/ModusWorkspace/CN_FW_FORD132CD542_APP_MCU/build/FORD123_CD542_CY8C4147AZS-S285/Debug/ext/mtb_shared/mtb-pdl-cat2/release-v2.11.0/drivers/source/cy_crypto_trng.o
LOAD D:/SourceCode/ModusWorkspace/CN_FW_FORD132CD542_APP_MCU/build/FORD123_CD542_CY8C4147AZS-S285/Debug/ext/mtb_shared/mtb-pdl-cat2/release-v2.11.0/drivers/source/cy_cryptolite_aes.o
LOAD D:/SourceCode/ModusWorkspace/CN_FW_FORD132CD542_APP_MCU/build/FORD123_CD542_CY8C4147AZS-S285/Debug/ext/mtb_shared/mtb-pdl-cat2/release-v2.11.0/drivers/source/cy_cryptolite_rsa.o
LOAD D:/SourceCode/ModusWorkspace/CN_FW_FORD132CD542_APP_MCU/build/FORD123_CD542_CY8C4147AZS-S285/Debug/ext/mtb_shared/mtb-pdl-cat2/release-v2.11.0/drivers/source/cy_cryptolite_sha.o
LOAD D:/SourceCode/ModusWorkspace/CN_FW_FORD132CD542_APP_MCU/build/FORD123_CD542_CY8C4147AZS-S285/Debug/ext/mtb_shared/mtb-pdl-cat2/release-v2.11.0/drivers/source/cy_cryptolite_trng.o
LOAD D:/SourceCode/ModusWorkspace/CN_FW_FORD132CD542_APP_MCU/build/FORD123_CD542_CY8C4147AZS-S285/Debug/ext/mtb_shared/mtb-pdl-cat2/release-v2.11.0/drivers/source/cy_csd.o
LOAD D:/SourceCode/ModusWorkspace/CN_FW_FORD132CD542_APP_MCU/build/FORD123_CD542_CY8C4147AZS-S285/Debug/ext/mtb_shared/mtb-pdl-cat2/release-v2.11.0/drivers/source/cy_ctb.o
LOAD D:/SourceCode/ModusWorkspace/CN_FW_FORD132CD542_APP_MCU/build/FORD123_CD542_CY8C4147AZS-S285/Debug/ext/mtb_shared/mtb-pdl-cat2/release-v2.11.0/drivers/source/cy_dmac.o
LOAD D:/SourceCode/ModusWorkspace/CN_FW_FORD132CD542_APP_MCU/build/FORD123_CD542_CY8C4147AZS-S285/Debug/ext/mtb_shared/mtb-pdl-cat2/release-v2.11.0/drivers/source/cy_flash.o
LOAD D:/SourceCode/ModusWorkspace/CN_FW_FORD132CD542_APP_MCU/build/FORD123_CD542_CY8C4147AZS-S285/Debug/ext/mtb_shared/mtb-pdl-cat2/release-v2.11.0/drivers/source/cy_gpio.o
LOAD D:/SourceCode/ModusWorkspace/CN_FW_FORD132CD542_APP_MCU/build/FORD123_CD542_CY8C4147AZS-S285/Debug/ext/mtb_shared/mtb-pdl-cat2/release-v2.11.0/drivers/source/cy_i2s.o
LOAD D:/SourceCode/ModusWorkspace/CN_FW_FORD132CD542_APP_MCU/build/FORD123_CD542_CY8C4147AZS-S285/Debug/ext/mtb_shared/mtb-pdl-cat2/release-v2.11.0/drivers/source/cy_lpcomp.o
LOAD D:/SourceCode/ModusWorkspace/CN_FW_FORD132CD542_APP_MCU/build/FORD123_CD542_CY8C4147AZS-S285/Debug/ext/mtb_shared/mtb-pdl-cat2/release-v2.11.0/drivers/source/cy_msc.o
LOAD D:/SourceCode/ModusWorkspace/CN_FW_FORD132CD542_APP_MCU/build/FORD123_CD542_CY8C4147AZS-S285/Debug/ext/mtb_shared/mtb-pdl-cat2/release-v2.11.0/drivers/source/cy_msclp.o
LOAD D:/SourceCode/ModusWorkspace/CN_FW_FORD132CD542_APP_MCU/build/FORD123_CD542_CY8C4147AZS-S285/Debug/ext/mtb_shared/mtb-pdl-cat2/release-v2.11.0/drivers/source/cy_sar.o
LOAD D:/SourceCode/ModusWorkspace/CN_FW_FORD132CD542_APP_MCU/build/FORD123_CD542_CY8C4147AZS-S285/Debug/ext/mtb_shared/mtb-pdl-cat2/release-v2.11.0/drivers/source/cy_scb_common.o
LOAD D:/SourceCode/ModusWorkspace/CN_FW_FORD132CD542_APP_MCU/build/FORD123_CD542_CY8C4147AZS-S285/Debug/ext/mtb_shared/mtb-pdl-cat2/release-v2.11.0/drivers/source/cy_scb_ezi2c.o
LOAD D:/SourceCode/ModusWorkspace/CN_FW_FORD132CD542_APP_MCU/build/FORD123_CD542_CY8C4147AZS-S285/Debug/ext/mtb_shared/mtb-pdl-cat2/release-v2.11.0/drivers/source/cy_scb_i2c.o
LOAD D:/SourceCode/ModusWorkspace/CN_FW_FORD132CD542_APP_MCU/build/FORD123_CD542_CY8C4147AZS-S285/Debug/ext/mtb_shared/mtb-pdl-cat2/release-v2.11.0/drivers/source/cy_scb_spi.o
LOAD D:/SourceCode/ModusWorkspace/CN_FW_FORD132CD542_APP_MCU/build/FORD123_CD542_CY8C4147AZS-S285/Debug/ext/mtb_shared/mtb-pdl-cat2/release-v2.11.0/drivers/source/cy_scb_uart.o
LOAD D:/SourceCode/ModusWorkspace/CN_FW_FORD132CD542_APP_MCU/build/FORD123_CD542_CY8C4147AZS-S285/Debug/ext/mtb_shared/mtb-pdl-cat2/release-v2.11.0/drivers/source/cy_seglcd.o
LOAD D:/SourceCode/ModusWorkspace/CN_FW_FORD132CD542_APP_MCU/build/FORD123_CD542_CY8C4147AZS-S285/Debug/ext/mtb_shared/mtb-pdl-cat2/release-v2.11.0/drivers/source/cy_smartio.o
LOAD D:/SourceCode/ModusWorkspace/CN_FW_FORD132CD542_APP_MCU/build/FORD123_CD542_CY8C4147AZS-S285/Debug/ext/mtb_shared/mtb-pdl-cat2/release-v2.11.0/drivers/source/cy_sysclk.o
LOAD D:/SourceCode/ModusWorkspace/CN_FW_FORD132CD542_APP_MCU/build/FORD123_CD542_CY8C4147AZS-S285/Debug/ext/mtb_shared/mtb-pdl-cat2/release-v2.11.0/drivers/source/cy_sysint.o
LOAD D:/SourceCode/ModusWorkspace/CN_FW_FORD132CD542_APP_MCU/build/FORD123_CD542_CY8C4147AZS-S285/Debug/ext/mtb_shared/mtb-pdl-cat2/release-v2.11.0/drivers/source/cy_syslib.o
LOAD D:/SourceCode/ModusWorkspace/CN_FW_FORD132CD542_APP_MCU/build/FORD123_CD542_CY8C4147AZS-S285/Debug/ext/mtb_shared/mtb-pdl-cat2/release-v2.11.0/drivers/source/cy_syspm.o
LOAD D:/SourceCode/ModusWorkspace/CN_FW_FORD132CD542_APP_MCU/build/FORD123_CD542_CY8C4147AZS-S285/Debug/ext/mtb_shared/mtb-pdl-cat2/release-v2.11.0/drivers/source/cy_systick.o
LOAD D:/SourceCode/ModusWorkspace/CN_FW_FORD132CD542_APP_MCU/build/FORD123_CD542_CY8C4147AZS-S285/Debug/ext/mtb_shared/mtb-pdl-cat2/release-v2.11.0/drivers/source/cy_tcpwm_counter.o
LOAD D:/SourceCode/ModusWorkspace/CN_FW_FORD132CD542_APP_MCU/build/FORD123_CD542_CY8C4147AZS-S285/Debug/ext/mtb_shared/mtb-pdl-cat2/release-v2.11.0/drivers/source/cy_tcpwm_pwm.o
LOAD D:/SourceCode/ModusWorkspace/CN_FW_FORD132CD542_APP_MCU/build/FORD123_CD542_CY8C4147AZS-S285/Debug/ext/mtb_shared/mtb-pdl-cat2/release-v2.11.0/drivers/source/cy_tcpwm_quaddec.o
LOAD D:/SourceCode/ModusWorkspace/CN_FW_FORD132CD542_APP_MCU/build/FORD123_CD542_CY8C4147AZS-S285/Debug/ext/mtb_shared/mtb-pdl-cat2/release-v2.11.0/drivers/source/cy_trigmux.o
LOAD D:/SourceCode/ModusWorkspace/CN_FW_FORD132CD542_APP_MCU/build/FORD123_CD542_CY8C4147AZS-S285/Debug/ext/mtb_shared/mtb-pdl-cat2/release-v2.11.0/drivers/source/cy_usbfs_dev_drv.o
LOAD D:/SourceCode/ModusWorkspace/CN_FW_FORD132CD542_APP_MCU/build/FORD123_CD542_CY8C4147AZS-S285/Debug/ext/mtb_shared/mtb-pdl-cat2/release-v2.11.0/drivers/source/cy_usbfs_dev_drv_io.o
LOAD D:/SourceCode/ModusWorkspace/CN_FW_FORD132CD542_APP_MCU/build/FORD123_CD542_CY8C4147AZS-S285/Debug/ext/mtb_shared/mtb-pdl-cat2/release-v2.11.0/drivers/source/cy_usbfs_dev_drv_io_dma.o
LOAD D:/SourceCode/ModusWorkspace/CN_FW_FORD132CD542_APP_MCU/build/FORD123_CD542_CY8C4147AZS-S285/Debug/ext/mtb_shared/mtb-pdl-cat2/release-v2.11.0/drivers/source/cy_usbpd_bch.o
LOAD D:/SourceCode/ModusWorkspace/CN_FW_FORD132CD542_APP_MCU/build/FORD123_CD542_CY8C4147AZS-S285/Debug/ext/mtb_shared/mtb-pdl-cat2/release-v2.11.0/drivers/source/cy_usbpd_buck_boost.o
LOAD D:/SourceCode/ModusWorkspace/CN_FW_FORD132CD542_APP_MCU/build/FORD123_CD542_CY8C4147AZS-S285/Debug/ext/mtb_shared/mtb-pdl-cat2/release-v2.11.0/drivers/source/cy_usbpd_config_table.o
LOAD D:/SourceCode/ModusWorkspace/CN_FW_FORD132CD542_APP_MCU/build/FORD123_CD542_CY8C4147AZS-S285/Debug/ext/mtb_shared/mtb-pdl-cat2/release-v2.11.0/drivers/source/cy_usbpd_hpd.o
LOAD D:/SourceCode/ModusWorkspace/CN_FW_FORD132CD542_APP_MCU/build/FORD123_CD542_CY8C4147AZS-S285/Debug/ext/mtb_shared/mtb-pdl-cat2/release-v2.11.0/drivers/source/cy_usbpd_idac_ctrl.o
LOAD D:/SourceCode/ModusWorkspace/CN_FW_FORD132CD542_APP_MCU/build/FORD123_CD542_CY8C4147AZS-S285/Debug/ext/mtb_shared/mtb-pdl-cat2/release-v2.11.0/drivers/source/cy_usbpd_lf_counter.o
LOAD D:/SourceCode/ModusWorkspace/CN_FW_FORD132CD542_APP_MCU/build/FORD123_CD542_CY8C4147AZS-S285/Debug/ext/mtb_shared/mtb-pdl-cat2/release-v2.11.0/drivers/source/cy_usbpd_mux.o
LOAD D:/SourceCode/ModusWorkspace/CN_FW_FORD132CD542_APP_MCU/build/FORD123_CD542_CY8C4147AZS-S285/Debug/ext/mtb_shared/mtb-pdl-cat2/release-v2.11.0/drivers/source/cy_usbpd_phy.o
LOAD D:/SourceCode/ModusWorkspace/CN_FW_FORD132CD542_APP_MCU/build/FORD123_CD542_CY8C4147AZS-S285/Debug/ext/mtb_shared/mtb-pdl-cat2/release-v2.11.0/drivers/source/cy_usbpd_typec.o
LOAD D:/SourceCode/ModusWorkspace/CN_FW_FORD132CD542_APP_MCU/build/FORD123_CD542_CY8C4147AZS-S285/Debug/ext/mtb_shared/mtb-pdl-cat2/release-v2.11.0/drivers/source/cy_usbpd_vbus_ctrl.o
LOAD D:/SourceCode/ModusWorkspace/CN_FW_FORD132CD542_APP_MCU/build/FORD123_CD542_CY8C4147AZS-S285/Debug/ext/mtb_shared/mtb-pdl-cat2/release-v2.11.0/drivers/source/cy_wdc.o
LOAD D:/SourceCode/ModusWorkspace/CN_FW_FORD132CD542_APP_MCU/build/FORD123_CD542_CY8C4147AZS-S285/Debug/ext/mtb_shared/mtb-pdl-cat2/release-v2.11.0/drivers/source/cy_wdt.o
START GROUP
END GROUP
LOAD c:/users/admin/modustoolbox/tools_3.2/gcc/bin/../lib/gcc/arm-none-eabi/11.3.1/thumb/v6-m/nofp\libstdc++_nano.a
LOAD c:/users/admin/modustoolbox/tools_3.2/gcc/bin/../lib/gcc/arm-none-eabi/11.3.1/thumb/v6-m/nofp\libm.a
START GROUP
LOAD c:/users/admin/modustoolbox/tools_3.2/gcc/bin/../lib/gcc/arm-none-eabi/11.3.1/thumb/v6-m/nofp\libgcc.a
LOAD c:/users/admin/modustoolbox/tools_3.2/gcc/bin/../lib/gcc/arm-none-eabi/11.3.1/thumb/v6-m/nofp\libg_nano.a
LOAD c:/users/admin/modustoolbox/tools_3.2/gcc/bin/../lib/gcc/arm-none-eabi/11.3.1/thumb/v6-m/nofp\libc_nano.a
END GROUP
START GROUP
LOAD c:/users/admin/modustoolbox/tools_3.2/gcc/bin/../lib/gcc/arm-none-eabi/11.3.1/thumb/v6-m/nofp\libgcc.a
LOAD c:/users/admin/modustoolbox/tools_3.2/gcc/bin/../lib/gcc/arm-none-eabi/11.3.1/thumb/v6-m/nofp\libc_nano.a
END GROUP
LOAD c:/users/admin/modustoolbox/tools_3.2/gcc/bin/../lib/gcc/arm-none-eabi/11.3.1/thumb/v6-m/nofp/crtend.o
LOAD c:/users/admin/modustoolbox/tools_3.2/gcc/bin/../lib/gcc/arm-none-eabi/11.3.1/thumb/v6-m/nofp/crtn.o
START GROUP
LOAD c:/users/admin/modustoolbox/tools_3.2/gcc/bin/../lib/gcc/arm-none-eabi/11.3.1/thumb/v6-m/nofp\libgcc.a
LOAD c:/users/admin/modustoolbox/tools_3.2/gcc/bin/../lib/gcc/arm-none-eabi/11.3.1/thumb/v6-m/nofp\libc.a
LOAD c:/users/admin/modustoolbox/tools_3.2/gcc/bin/../lib/gcc/arm-none-eabi/11.3.1/thumb/v6-m/nofp\libnosys.a
END GROUP
                0x00000000                __FLASH_START = 0x0
                0x00020000                __FLASH_SIZE = 0x20000
                0x20000000                __RAM_START = 0x20000000
                0x00004000                __RAM_SIZE = 0x4000
                0x00000400                __STACK_SIZE = 0x400

.cy_app_header
 *(.cy_app_header)

.text           0x00000000     0x799c
                0x00000000                . = ALIGN (0x4)
 *(.vectors)
 .vectors       0x00000000       0xc0 D:/SourceCode/ModusWorkspace/CN_FW_FORD132CD542_APP_MCU/build/FORD123_CD542_CY8C4147AZS-S285/Debug/bsps/TARGET_FORD123_CD542_CY8C4147AZS-S285/startup_psoc4100sp.o
                0x00000000                __Vectors
                0x000000c0                . = ALIGN (0x4)
                0x20001fb8                __end__ = .
                0x000000c0                . = ALIGN (0x4)
 *(.text*)
 .text.deregister_tm_clones
                0x000000c0       0x20 c:/users/admin/modustoolbox/tools_3.2/gcc/bin/../lib/gcc/arm-none-eabi/11.3.1/thumb/v6-m/nofp/crtbegin.o
 .text.register_tm_clones
                0x000000e0       0x28 c:/users/admin/modustoolbox/tools_3.2/gcc/bin/../lib/gcc/arm-none-eabi/11.3.1/thumb/v6-m/nofp/crtbegin.o
 .text.__do_global_dtors_aux
                0x00000108       0x2c c:/users/admin/modustoolbox/tools_3.2/gcc/bin/../lib/gcc/arm-none-eabi/11.3.1/thumb/v6-m/nofp/crtbegin.o
 .text.frame_dummy
                0x00000134       0x24 c:/users/admin/modustoolbox/tools_3.2/gcc/bin/../lib/gcc/arm-none-eabi/11.3.1/thumb/v6-m/nofp/crtbegin.o
 .text          0x00000158       0x80 c:/users/admin/modustoolbox/tools_3.2/gcc/bin/../lib/gcc/arm-none-eabi/11.3.1/thumb/v6-m/nofp/crt0.o
                0x00000158                _stack_init
                0x00000164                _start
                0x00000164                _mainCRTStartup
 .text.BacklightApp_Normal_Mode
                0x000001d8       0x38 D:/SourceCode/ModusWorkspace/CN_FW_FORD132CD542_APP_MCU/build/FORD123_CD542_CY8C4147AZS-S285/Debug/app/src/BacklightApp.o
 .text.BacklightApp_MAcount
                0x00000210       0x1a D:/SourceCode/ModusWorkspace/CN_FW_FORD132CD542_APP_MCU/build/FORD123_CD542_CY8C4147AZS-S285/Debug/app/src/BacklightApp.o
 *fill*         0x0000022a        0x2 
 .text.BacklightApp_BrightnessAdgust
                0x0000022c       0x64 D:/SourceCode/ModusWorkspace/CN_FW_FORD132CD542_APP_MCU/build/FORD123_CD542_CY8C4147AZS-S285/Debug/app/src/BacklightApp.o
 .text.BacklightApp_Burn_Mode
                0x00000290       0x6c D:/SourceCode/ModusWorkspace/CN_FW_FORD132CD542_APP_MCU/build/FORD123_CD542_CY8C4147AZS-S285/Debug/app/src/BacklightApp.o
 .text.BacklightApp_Boil_Mode
                0x000002fc       0x6c D:/SourceCode/ModusWorkspace/CN_FW_FORD132CD542_APP_MCU/build/FORD123_CD542_CY8C4147AZS-S285/Debug/app/src/BacklightApp.o
 .text.BacklightApp_Scorch_Mode
                0x00000368       0x58 D:/SourceCode/ModusWorkspace/CN_FW_FORD132CD542_APP_MCU/build/FORD123_CD542_CY8C4147AZS-S285/Debug/app/src/BacklightApp.o
 .text.BacklightApp_BattProtectSet
                0x000003c0        0xc D:/SourceCode/ModusWorkspace/CN_FW_FORD132CD542_APP_MCU/build/FORD123_CD542_CY8C4147AZS-S285/Debug/app/src/BacklightApp.o
                0x000003c0                BacklightApp_BattProtectSet
 .text.BacklightApp_Initial
                0x000003cc       0x12 D:/SourceCode/ModusWorkspace/CN_FW_FORD132CD542_APP_MCU/build/FORD123_CD542_CY8C4147AZS-S285/Debug/app/src/BacklightApp.o
                0x000003cc                BacklightApp_Initial
 *fill*         0x000003de        0x2 
 .text.BacklightApp_DimmingControl
                0x000003e0       0xc0 D:/SourceCode/ModusWorkspace/CN_FW_FORD132CD542_APP_MCU/build/FORD123_CD542_CY8C4147AZS-S285/Debug/app/src/BacklightApp.o
                0x000003e0                BacklightApp_DimmingControl
 .text.BacklightApp_DeratingFlow
                0x000004a0       0xb4 D:/SourceCode/ModusWorkspace/CN_FW_FORD132CD542_APP_MCU/build/FORD123_CD542_CY8C4147AZS-S285/Debug/app/src/BacklightApp.o
                0x000004a0                BacklightApp_DeratingFlow
 .text.BacklightApp_TempMonitor
                0x00000554       0x78 D:/SourceCode/ModusWorkspace/CN_FW_FORD132CD542_APP_MCU/build/FORD123_CD542_CY8C4147AZS-S285/Debug/app/src/BacklightApp.o
                0x00000554                BacklightApp_TempMonitor
 .text.BatteryApp_StageCheck
                0x000005cc       0x60 D:/SourceCode/ModusWorkspace/CN_FW_FORD132CD542_APP_MCU/build/FORD123_CD542_CY8C4147AZS-S285/Debug/app/src/BatteryApp.o
 .text.BatteryApp_MAcount
                0x0000062c       0x24 D:/SourceCode/ModusWorkspace/CN_FW_FORD132CD542_APP_MCU/build/FORD123_CD542_CY8C4147AZS-S285/Debug/app/src/BatteryApp.o
 .text.BatteryApp_LowHigh_Mode
                0x00000650       0x74 D:/SourceCode/ModusWorkspace/CN_FW_FORD132CD542_APP_MCU/build/FORD123_CD542_CY8C4147AZS-S285/Debug/app/src/BatteryApp.o
 .text.BatteryApp_OverPower_Mode
                0x000006c4       0x14 D:/SourceCode/ModusWorkspace/CN_FW_FORD132CD542_APP_MCU/build/FORD123_CD542_CY8C4147AZS-S285/Debug/app/src/BatteryApp.o
 .text.BatteryApp_Normal_Mode
                0x000006d8       0x2c D:/SourceCode/ModusWorkspace/CN_FW_FORD132CD542_APP_MCU/build/FORD123_CD542_CY8C4147AZS-S285/Debug/app/src/BatteryApp.o
 .text.BatteryApp_PowerMonitor
                0x00000704       0x40 D:/SourceCode/ModusWorkspace/CN_FW_FORD132CD542_APP_MCU/build/FORD123_CD542_CY8C4147AZS-S285/Debug/app/src/BatteryApp.o
                0x00000704                BatteryApp_PowerMonitor
 .text.BatteryApp_Flow
                0x00000744       0xa8 D:/SourceCode/ModusWorkspace/CN_FW_FORD132CD542_APP_MCU/build/FORD123_CD542_CY8C4147AZS-S285/Debug/app/src/BatteryApp.o
                0x00000744                BatteryApp_Flow
 .text.DeviceApp_Intial
                0x000007ec      0x10c D:/SourceCode/ModusWorkspace/CN_FW_FORD132CD542_APP_MCU/build/FORD123_CD542_CY8C4147AZS-S285/Debug/app/src/DeviceApp.o
                0x000007ec                DeviceApp_Intial
 .text.DiagApp_DispStatusClear
                0x000008f8       0x6c D:/SourceCode/ModusWorkspace/CN_FW_FORD132CD542_APP_MCU/build/FORD123_CD542_CY8C4147AZS-S285/Debug/app/src/DiagApp.o
                0x000008f8                DiagApp_DispStatusClear
 .text.DiagApp_DispStatusSet
                0x00000964       0x68 D:/SourceCode/ModusWorkspace/CN_FW_FORD132CD542_APP_MCU/build/FORD123_CD542_CY8C4147AZS-S285/Debug/app/src/DiagApp.o
                0x00000964                DiagApp_DispStatusSet
 .text.DiagApp_ConsecutiveCheckIO
                0x000009cc       0x68 D:/SourceCode/ModusWorkspace/CN_FW_FORD132CD542_APP_MCU/build/FORD123_CD542_CY8C4147AZS-S285/Debug/app/src/DiagApp.o
                0x000009cc                DiagApp_ConsecutiveCheckIO
 .text.DiagApp_FaultCheckFlow
                0x00000a34       0x78 D:/SourceCode/ModusWorkspace/CN_FW_FORD132CD542_APP_MCU/build/FORD123_CD542_CY8C4147AZS-S285/Debug/app/src/DiagApp.o
                0x00000a34                DiagApp_FaultCheckFlow
 .text.DiagApp_FpcCheckFlow
                0x00000aac       0x48 D:/SourceCode/ModusWorkspace/CN_FW_FORD132CD542_APP_MCU/build/FORD123_CD542_CY8C4147AZS-S285/Debug/app/src/DiagApp.o
                0x00000aac                DiagApp_FpcCheckFlow
 .text.DiagApp_LockCheckFlow
                0x00000af4       0x48 D:/SourceCode/ModusWorkspace/CN_FW_FORD132CD542_APP_MCU/build/FORD123_CD542_CY8C4147AZS-S285/Debug/app/src/DiagApp.o
                0x00000af4                DiagApp_LockCheckFlow
 .text.FlashApp_WriteRowFlash
                0x00000b3c       0x60 D:/SourceCode/ModusWorkspace/CN_FW_FORD132CD542_APP_MCU/build/FORD123_CD542_CY8C4147AZS-S285/Debug/app/src/FlashApp.o
                0x00000b3c                FlashApp_WriteRowFlash
 .text.I2CSlaveApp_CmdSizeInitial
                0x00000b9c       0x78 D:/SourceCode/ModusWorkspace/CN_FW_FORD132CD542_APP_MCU/build/FORD123_CD542_CY8C4147AZS-S285/Debug/app/src/I2C2SlaveApp.o
 .text.I2CSlaveApp_GetCmdSize
                0x00000c14        0xc D:/SourceCode/ModusWorkspace/CN_FW_FORD132CD542_APP_MCU/build/FORD123_CD542_CY8C4147AZS-S285/Debug/app/src/I2C2SlaveApp.o
 .text.I2CSlaveApp_SubAddrPassCheck
                0x00000c20       0x20 D:/SourceCode/ModusWorkspace/CN_FW_FORD132CD542_APP_MCU/build/FORD123_CD542_CY8C4147AZS-S285/Debug/app/src/I2C2SlaveApp.o
 .text.I2CSlaveApp_SubAddrWritePassCheck
                0x00000c40       0x20 D:/SourceCode/ModusWorkspace/CN_FW_FORD132CD542_APP_MCU/build/FORD123_CD542_CY8C4147AZS-S285/Debug/app/src/I2C2SlaveApp.o
 .text.I2CSlaveApp_SubaddressUpdateCmdCheck
                0x00000c60       0x20 D:/SourceCode/ModusWorkspace/CN_FW_FORD132CD542_APP_MCU/build/FORD123_CD542_CY8C4147AZS-S285/Debug/app/src/I2C2SlaveApp.o
 .text.I2CSlaveApp_TxReadTransferDone
                0x00000c80       0x24 D:/SourceCode/ModusWorkspace/CN_FW_FORD132CD542_APP_MCU/build/FORD123_CD542_CY8C4147AZS-S285/Debug/app/src/I2C2SlaveApp.o
 .text.I2CSlaveApp_UpdateCmdChecksumSet
                0x00000ca4       0x42 D:/SourceCode/ModusWorkspace/CN_FW_FORD132CD542_APP_MCU/build/FORD123_CD542_CY8C4147AZS-S285/Debug/app/src/I2C2SlaveApp.o
                0x00000ca4                I2CSlaveApp_UpdateCmdChecksumSet
 *fill*         0x00000ce6        0x2 
 .text.I2CSlaveApp_TxWriteTransferDone
                0x00000ce8       0xb8 D:/SourceCode/ModusWorkspace/CN_FW_FORD132CD542_APP_MCU/build/FORD123_CD542_CY8C4147AZS-S285/Debug/app/src/I2C2SlaveApp.o
 .text.SlaveCallback
                0x00000da0      0x120 D:/SourceCode/ModusWorkspace/CN_FW_FORD132CD542_APP_MCU/build/FORD123_CD542_CY8C4147AZS-S285/Debug/app/src/I2C2SlaveApp.o
 .text.I2C2SlaveApp_Initial
                0x00000ec0       0x38 D:/SourceCode/ModusWorkspace/CN_FW_FORD132CD542_APP_MCU/build/FORD123_CD542_CY8C4147AZS-S285/Debug/app/src/I2C2SlaveApp.o
                0x00000ec0                I2C2SlaveApp_Initial
 .text.INTBApp_Init_Mode
                0x00000ef8        0x4 D:/SourceCode/ModusWorkspace/CN_FW_FORD132CD542_APP_MCU/build/FORD123_CD542_CY8C4147AZS-S285/Debug/app/src/INTBApp.o
 .text.INTBApp_Deinit_Mode
                0x00000efc       0x2c D:/SourceCode/ModusWorkspace/CN_FW_FORD132CD542_APP_MCU/build/FORD123_CD542_CY8C4147AZS-S285/Debug/app/src/INTBApp.o
 .text.INTBApp_Idle_Mode
                0x00000f28       0x58 D:/SourceCode/ModusWorkspace/CN_FW_FORD132CD542_APP_MCU/build/FORD123_CD542_CY8C4147AZS-S285/Debug/app/src/INTBApp.o
 .text.INTBApp_Set_Mode
                0x00000f80       0x28 D:/SourceCode/ModusWorkspace/CN_FW_FORD132CD542_APP_MCU/build/FORD123_CD542_CY8C4147AZS-S285/Debug/app/src/INTBApp.o
 .text.INTBApp_Hold_Mode
                0x00000fa8       0x34 D:/SourceCode/ModusWorkspace/CN_FW_FORD132CD542_APP_MCU/build/FORD123_CD542_CY8C4147AZS-S285/Debug/app/src/INTBApp.o
 .text.INTBApp_PullReqSetOrClear
                0x00000fdc       0x2c D:/SourceCode/ModusWorkspace/CN_FW_FORD132CD542_APP_MCU/build/FORD123_CD542_CY8C4147AZS-S285/Debug/app/src/INTBApp.o
                0x00000fdc                INTBApp_PullReqSetOrClear
 .text.INTBApp_InitSwitch
                0x00001008        0xc D:/SourceCode/ModusWorkspace/CN_FW_FORD132CD542_APP_MCU/build/FORD123_CD542_CY8C4147AZS-S285/Debug/app/src/INTBApp.o
                0x00001008                INTBApp_InitSwitch
 .text.INTBApp_Flow
                0x00001014       0x54 D:/SourceCode/ModusWorkspace/CN_FW_FORD132CD542_APP_MCU/build/FORD123_CD542_CY8C4147AZS-S285/Debug/app/src/INTBApp.o
                0x00001014                INTBApp_Flow
 .text.MainApp_Boot_Mode
                0x00001068       0x90 D:/SourceCode/ModusWorkspace/CN_FW_FORD132CD542_APP_MCU/build/FORD123_CD542_CY8C4147AZS-S285/Debug/app/src/MainApp.o
 .text.MainApp_PreNormal_Mode
                0x000010f8       0x60 D:/SourceCode/ModusWorkspace/CN_FW_FORD132CD542_APP_MCU/build/FORD123_CD542_CY8C4147AZS-S285/Debug/app/src/MainApp.o
 .text.MainApp_HandShake_Mode
                0x00001158       0x5c D:/SourceCode/ModusWorkspace/CN_FW_FORD132CD542_APP_MCU/build/FORD123_CD542_CY8C4147AZS-S285/Debug/app/src/MainApp.o
 .text.MainApp_Normal_Mode
                0x000011b4       0x24 D:/SourceCode/ModusWorkspace/CN_FW_FORD132CD542_APP_MCU/build/FORD123_CD542_CY8C4147AZS-S285/Debug/app/src/MainApp.o
 .text.MainApp_Sleep_Mode
                0x000011d8       0x30 D:/SourceCode/ModusWorkspace/CN_FW_FORD132CD542_APP_MCU/build/FORD123_CD542_CY8C4147AZS-S285/Debug/app/src/MainApp.o
 .text.MainApp_PreSleep_Mode
                0x00001208       0x34 D:/SourceCode/ModusWorkspace/CN_FW_FORD132CD542_APP_MCU/build/FORD123_CD542_CY8C4147AZS-S285/Debug/app/src/MainApp.o
 .text.MainApp_Flow
                0x0000123c       0x48 D:/SourceCode/ModusWorkspace/CN_FW_FORD132CD542_APP_MCU/build/FORD123_CD542_CY8C4147AZS-S285/Debug/app/src/MainApp.o
 .text.MainApp_Task
                0x00001284       0x44 D:/SourceCode/ModusWorkspace/CN_FW_FORD132CD542_APP_MCU/build/FORD123_CD542_CY8C4147AZS-S285/Debug/app/src/MainApp.o
                0x00001284                MainApp_Task
 .text.PowerApp_Sequence
                0x000012c8       0xc8 D:/SourceCode/ModusWorkspace/CN_FW_FORD132CD542_APP_MCU/build/FORD123_CD542_CY8C4147AZS-S285/Debug/app/src/PowerApp.o
                0x000012c8                PowerApp_Sequence
 .text.PowerApp_PowerGoodInitial
                0x00001390       0x3c D:/SourceCode/ModusWorkspace/CN_FW_FORD132CD542_APP_MCU/build/FORD123_CD542_CY8C4147AZS-S285/Debug/app/src/PowerApp.o
                0x00001390                PowerApp_PowerGoodInitial
 .text.PowerApp_PowerGoodFlow
                0x000013cc       0x40 D:/SourceCode/ModusWorkspace/CN_FW_FORD132CD542_APP_MCU/build/FORD123_CD542_CY8C4147AZS-S285/Debug/app/src/PowerApp.o
                0x000013cc                PowerApp_PowerGoodFlow
 .text.RegisterApp_Initial
                0x0000140c      0x1c6 D:/SourceCode/ModusWorkspace/CN_FW_FORD132CD542_APP_MCU/build/FORD123_CD542_CY8C4147AZS-S285/Debug/app/src/RegisterApp.o
                0x0000140c                RegisterApp_Initial
 *fill*         0x000015d2        0x2 
 .text.RegisterApp_ALL_Initial
                0x000015d4       0x10 D:/SourceCode/ModusWorkspace/CN_FW_FORD132CD542_APP_MCU/build/FORD123_CD542_CY8C4147AZS-S285/Debug/app/src/RegisterApp.o
                0x000015d4                RegisterApp_ALL_Initial
 .text.RegisterApp_Setup
                0x000015e4      0x168 D:/SourceCode/ModusWorkspace/CN_FW_FORD132CD542_APP_MCU/build/FORD123_CD542_CY8C4147AZS-S285/Debug/app/src/RegisterApp.o
                0x000015e4                RegisterApp_Setup
 .text.RegisterApp_DHU_Setup
                0x0000174c       0x14 D:/SourceCode/ModusWorkspace/CN_FW_FORD132CD542_APP_MCU/build/FORD123_CD542_CY8C4147AZS-S285/Debug/app/src/RegisterApp.o
                0x0000174c                RegisterApp_DHU_Setup
 .text.RegisterApp_Read
                0x00001760      0x1b0 D:/SourceCode/ModusWorkspace/CN_FW_FORD132CD542_APP_MCU/build/FORD123_CD542_CY8C4147AZS-S285/Debug/app/src/RegisterApp.o
                0x00001760                RegisterApp_Read
 .text.RegisterApp_DHU_Read
                0x00001910       0x14 D:/SourceCode/ModusWorkspace/CN_FW_FORD132CD542_APP_MCU/build/FORD123_CD542_CY8C4147AZS-S285/Debug/app/src/RegisterApp.o
                0x00001910                RegisterApp_DHU_Read
 .text.StackTaskApp_Initial
                0x00001924        0xa D:/SourceCode/ModusWorkspace/CN_FW_FORD132CD542_APP_MCU/build/FORD123_CD542_CY8C4147AZS-S285/Debug/app/src/StackTaskApp.o
 .text.StackTaskApp_ReturnQueneNumber
                0x0000192e        0x6 D:/SourceCode/ModusWorkspace/CN_FW_FORD132CD542_APP_MCU/build/FORD123_CD542_CY8C4147AZS-S285/Debug/app/src/StackTaskApp.o
 .text.StackTaskApp_MissionReturnQueneNumber
                0x00001934       0x10 D:/SourceCode/ModusWorkspace/CN_FW_FORD132CD542_APP_MCU/build/FORD123_CD542_CY8C4147AZS-S285/Debug/app/src/StackTaskApp.o
 .text.StackTaskApp_Push
                0x00001944       0x22 D:/SourceCode/ModusWorkspace/CN_FW_FORD132CD542_APP_MCU/build/FORD123_CD542_CY8C4147AZS-S285/Debug/app/src/StackTaskApp.o
 .text.StackTaskApp_Pop
                0x00001966       0x4a D:/SourceCode/ModusWorkspace/CN_FW_FORD132CD542_APP_MCU/build/FORD123_CD542_CY8C4147AZS-S285/Debug/app/src/StackTaskApp.o
 .text.StackTaskApp_MissionPop
                0x000019b0       0x10 D:/SourceCode/ModusWorkspace/CN_FW_FORD132CD542_APP_MCU/build/FORD123_CD542_CY8C4147AZS-S285/Debug/app/src/StackTaskApp.o
 .text.StackTaskApp_Global_MissionInitial
                0x000019c0       0x10 D:/SourceCode/ModusWorkspace/CN_FW_FORD132CD542_APP_MCU/build/FORD123_CD542_CY8C4147AZS-S285/Debug/app/src/StackTaskApp.o
                0x000019c0                StackTaskApp_Global_MissionInitial
 .text.StackTaskApp_MissionPush
                0x000019d0       0x14 D:/SourceCode/ModusWorkspace/CN_FW_FORD132CD542_APP_MCU/build/FORD123_CD542_CY8C4147AZS-S285/Debug/app/src/StackTaskApp.o
                0x000019d0                StackTaskApp_MissionPush
 .text.StackTaskApp_MissionAction
                0x000019e4      0x158 D:/SourceCode/ModusWorkspace/CN_FW_FORD132CD542_APP_MCU/build/FORD123_CD542_CY8C4147AZS-S285/Debug/app/src/StackTaskApp.o
                0x000019e4                StackTaskApp_MissionAction
 .text.TC0APP_TC0_Task_1msec
                0x00001b3c       0x28 D:/SourceCode/ModusWorkspace/CN_FW_FORD132CD542_APP_MCU/build/FORD123_CD542_CY8C4147AZS-S285/Debug/app/src/TC0App.o
 .text.TC0APP_TC0_Task_10msec
                0x00001b64        0xa D:/SourceCode/ModusWorkspace/CN_FW_FORD132CD542_APP_MCU/build/FORD123_CD542_CY8C4147AZS-S285/Debug/app/src/TC0App.o
 .text.TC0APP_TC0_Task_15msec
                0x00001b6e        0xa D:/SourceCode/ModusWorkspace/CN_FW_FORD132CD542_APP_MCU/build/FORD123_CD542_CY8C4147AZS-S285/Debug/app/src/TC0App.o
 .text.TC0APP_TC0_Task_20msec
                0x00001b78        0xa D:/SourceCode/ModusWorkspace/CN_FW_FORD132CD542_APP_MCU/build/FORD123_CD542_CY8C4147AZS-S285/Debug/app/src/TC0App.o
 .text.TC0APP_TC0_Task_100msec
                0x00001b82        0xa D:/SourceCode/ModusWorkspace/CN_FW_FORD132CD542_APP_MCU/build/FORD123_CD542_CY8C4147AZS-S285/Debug/app/src/TC0App.o
 .text.TC0APP_TC0_Task_1000msec
                0x00001b8c       0x10 D:/SourceCode/ModusWorkspace/CN_FW_FORD132CD542_APP_MCU/build/FORD123_CD542_CY8C4147AZS-S285/Debug/app/src/TC0App.o
 .text.TC0App_Callback_InterruptHandler
                0x00001b9c      0x124 D:/SourceCode/ModusWorkspace/CN_FW_FORD132CD542_APP_MCU/build/FORD123_CD542_CY8C4147AZS-S285/Debug/app/src/TC0App.o
 .text.TC0App_DHUTaskClean
                0x00001cc0       0x18 D:/SourceCode/ModusWorkspace/CN_FW_FORD132CD542_APP_MCU/build/FORD123_CD542_CY8C4147AZS-S285/Debug/app/src/TC0App.o
                0x00001cc0                TC0App_DHUTaskClean
 .text.TC0App_DHUTaskPush
                0x00001cd8        0xc D:/SourceCode/ModusWorkspace/CN_FW_FORD132CD542_APP_MCU/build/FORD123_CD542_CY8C4147AZS-S285/Debug/app/src/TC0App.o
                0x00001cd8                TC0App_DHUTaskPush
 .text.TC0App_DerateCntStartSet
                0x00001ce4        0xc D:/SourceCode/ModusWorkspace/CN_FW_FORD132CD542_APP_MCU/build/FORD123_CD542_CY8C4147AZS-S285/Debug/app/src/TC0App.o
                0x00001ce4                TC0App_DerateCntStartSet
 .text.TC0App_BatteryCntStartSet
                0x00001cf0        0xc D:/SourceCode/ModusWorkspace/CN_FW_FORD132CD542_APP_MCU/build/FORD123_CD542_CY8C4147AZS-S285/Debug/app/src/TC0App.o
                0x00001cf0                TC0App_BatteryCntStartSet
 .text.TC0App_NormalWorkStartSet
                0x00001cfc        0xc D:/SourceCode/ModusWorkspace/CN_FW_FORD132CD542_APP_MCU/build/FORD123_CD542_CY8C4147AZS-S285/Debug/app/src/TC0App.o
                0x00001cfc                TC0App_NormalWorkStartSet
 .text.TC0App_IntbSetCountStartSet
                0x00001d08        0xc D:/SourceCode/ModusWorkspace/CN_FW_FORD132CD542_APP_MCU/build/FORD123_CD542_CY8C4147AZS-S285/Debug/app/src/TC0App.o
                0x00001d08                TC0App_IntbSetCountStartSet
 .text.TC0App_IntbHoldCountStartSet
                0x00001d14        0xc D:/SourceCode/ModusWorkspace/CN_FW_FORD132CD542_APP_MCU/build/FORD123_CD542_CY8C4147AZS-S285/Debug/app/src/TC0App.o
                0x00001d14                TC0App_IntbHoldCountStartSet
 .text.TC0App_Initial
                0x00001d20       0x18 D:/SourceCode/ModusWorkspace/CN_FW_FORD132CD542_APP_MCU/build/FORD123_CD542_CY8C4147AZS-S285/Debug/app/src/TC0App.o
                0x00001d20                TC0App_Initial
 .text.TC0App_TimerReturn
                0x00001d38       0x50 D:/SourceCode/ModusWorkspace/CN_FW_FORD132CD542_APP_MCU/build/FORD123_CD542_CY8C4147AZS-S285/Debug/app/src/TC0App.o
                0x00001d38                TC0App_TimerReturn
 .text.TC0App_TimerReset
                0x00001d88       0x58 D:/SourceCode/ModusWorkspace/CN_FW_FORD132CD542_APP_MCU/build/FORD123_CD542_CY8C4147AZS-S285/Debug/app/src/TC0App.o
                0x00001d88                TC0App_TimerReset
 .text.TC0App_DelayMS
                0x00001de0       0x24 D:/SourceCode/ModusWorkspace/CN_FW_FORD132CD542_APP_MCU/build/FORD123_CD542_CY8C4147AZS-S285/Debug/app/src/TC0App.o
                0x00001de0                TC0App_DelayMS
 .text.UartApp_ReadFlow
                0x00001e04       0x3a D:/SourceCode/ModusWorkspace/CN_FW_FORD132CD542_APP_MCU/build/FORD123_CD542_CY8C4147AZS-S285/Debug/app/src/UartApp.o
                0x00001e04                UartApp_ReadFlow
 *fill*         0x00001e3e        0x2 
 .text.UpdateApp_CRC_32Count
                0x00001e40       0x3c D:/SourceCode/ModusWorkspace/CN_FW_FORD132CD542_APP_MCU/build/FORD123_CD542_CY8C4147AZS-S285/Debug/app/src/UpdateApp.o
 .text.UpdateApp_ByteReverse
                0x00001e7c       0x1c D:/SourceCode/ModusWorkspace/CN_FW_FORD132CD542_APP_MCU/build/FORD123_CD542_CY8C4147AZS-S285/Debug/app/src/UpdateApp.o
 .text.UpdateApp_FlashMCU
                0x00001e98       0x4c D:/SourceCode/ModusWorkspace/CN_FW_FORD132CD542_APP_MCU/build/FORD123_CD542_CY8C4147AZS-S285/Debug/app/src/UpdateApp.o
 .text.UpdateApp_CheckSumMCU
                0x00001ee4       0xe8 D:/SourceCode/ModusWorkspace/CN_FW_FORD132CD542_APP_MCU/build/FORD123_CD542_CY8C4147AZS-S285/Debug/app/src/UpdateApp.o
 .text.UpdateApp_EraseFlashMCU
                0x00001fcc       0x74 D:/SourceCode/ModusWorkspace/CN_FW_FORD132CD542_APP_MCU/build/FORD123_CD542_CY8C4147AZS-S285/Debug/app/src/UpdateApp.o
                0x00001fcc                UpdateApp_EraseFlashMCU
 .text.UpdateApp_TransferFlashMCU
                0x00002040       0x94 D:/SourceCode/ModusWorkspace/CN_FW_FORD132CD542_APP_MCU/build/FORD123_CD542_CY8C4147AZS-S285/Debug/app/src/UpdateApp.o
                0x00002040                UpdateApp_TransferFlashMCU
 .text.UpdateApp_ChecksumFlashMCU
                0x000020d4       0x74 D:/SourceCode/ModusWorkspace/CN_FW_FORD132CD542_APP_MCU/build/FORD123_CD542_CY8C4147AZS-S285/Debug/app/src/UpdateApp.o
                0x000020d4                UpdateApp_ChecksumFlashMCU
 .text.WdtApp_CheckResetCause
                0x00002148       0xa4 D:/SourceCode/ModusWorkspace/CN_FW_FORD132CD542_APP_MCU/build/FORD123_CD542_CY8C4147AZS-S285/Debug/app/src/WdtApp.o
                0x00002148                WdtApp_CheckResetCause
 .text.WdtApp_InterruptCallback
                0x000021ec       0x10 D:/SourceCode/ModusWorkspace/CN_FW_FORD132CD542_APP_MCU/build/FORD123_CD542_CY8C4147AZS-S285/Debug/app/src/WdtApp.o
                0x000021ec                WdtApp_InterruptCallback
 .text.WdtApp_CleanCounter
                0x000021fc       0x12 D:/SourceCode/ModusWorkspace/CN_FW_FORD132CD542_APP_MCU/build/FORD123_CD542_CY8C4147AZS-S285/Debug/app/src/WdtApp.o
                0x000021fc                WdtApp_CleanCounter
 .text.WdtApp_Initial
                0x0000220e       0x1c D:/SourceCode/ModusWorkspace/CN_FW_FORD132CD542_APP_MCU/build/FORD123_CD542_CY8C4147AZS-S285/Debug/app/src/WdtApp.o
                0x0000220e                WdtApp_Initial
 .text.cycfg_config_init
                0x0000222a       0x18 D:/SourceCode/ModusWorkspace/CN_FW_FORD132CD542_APP_MCU/build/FORD123_CD542_CY8C4147AZS-S285/Debug/bsps/TARGET_FORD123_CD542_CY8C4147AZS-S285/config/GeneratedSource/cycfg.o
                0x0000222a                cycfg_config_init
 .text.cycfg_config_reservations
                0x00002242       0x10 D:/SourceCode/ModusWorkspace/CN_FW_FORD132CD542_APP_MCU/build/FORD123_CD542_CY8C4147AZS-S285/Debug/bsps/TARGET_FORD123_CD542_CY8C4147AZS-S285/config/GeneratedSource/cycfg.o
                0x00002242                cycfg_config_reservations
 .text.init_cycfg_all
                0x00002252        0xc D:/SourceCode/ModusWorkspace/CN_FW_FORD132CD542_APP_MCU/build/FORD123_CD542_CY8C4147AZS-S285/Debug/bsps/TARGET_FORD123_CD542_CY8C4147AZS-S285/config/GeneratedSource/cycfg.o
                0x00002252                init_cycfg_all
 .text.init_cycfg_clocks
                0x0000225e      0x158 D:/SourceCode/ModusWorkspace/CN_FW_FORD132CD542_APP_MCU/build/FORD123_CD542_CY8C4147AZS-S285/Debug/bsps/TARGET_FORD123_CD542_CY8C4147AZS-S285/config/GeneratedSource/cycfg_clocks.o
                0x0000225e                init_cycfg_clocks
 .text.reserve_cycfg_clocks
                0x000023b6        0x2 D:/SourceCode/ModusWorkspace/CN_FW_FORD132CD542_APP_MCU/build/FORD123_CD542_CY8C4147AZS-S285/Debug/bsps/TARGET_FORD123_CD542_CY8C4147AZS-S285/config/GeneratedSource/cycfg_clocks.o
                0x000023b6                reserve_cycfg_clocks
 .text.init_cycfg_peripherals
                0x000023b8       0x66 D:/SourceCode/ModusWorkspace/CN_FW_FORD132CD542_APP_MCU/build/FORD123_CD542_CY8C4147AZS-S285/Debug/bsps/TARGET_FORD123_CD542_CY8C4147AZS-S285/config/GeneratedSource/cycfg_peripherals.o
                0x000023b8                init_cycfg_peripherals
 .text.reserve_cycfg_peripherals
                0x0000241e        0x2 D:/SourceCode/ModusWorkspace/CN_FW_FORD132CD542_APP_MCU/build/FORD123_CD542_CY8C4147AZS-S285/Debug/bsps/TARGET_FORD123_CD542_CY8C4147AZS-S285/config/GeneratedSource/cycfg_peripherals.o
                0x0000241e                reserve_cycfg_peripherals
 .text.init_cycfg_pins
                0x00002420      0x2ac D:/SourceCode/ModusWorkspace/CN_FW_FORD132CD542_APP_MCU/build/FORD123_CD542_CY8C4147AZS-S285/Debug/bsps/TARGET_FORD123_CD542_CY8C4147AZS-S285/config/GeneratedSource/cycfg_pins.o
                0x00002420                init_cycfg_pins
 .text.reserve_cycfg_pins
                0x000026cc        0x2 D:/SourceCode/ModusWorkspace/CN_FW_FORD132CD542_APP_MCU/build/FORD123_CD542_CY8C4147AZS-S285/Debug/bsps/TARGET_FORD123_CD542_CY8C4147AZS-S285/config/GeneratedSource/cycfg_pins.o
                0x000026cc                reserve_cycfg_pins
 *fill*         0x000026ce        0x2 
 .text.init_cycfg_routing
                0x000026d0       0x20 D:/SourceCode/ModusWorkspace/CN_FW_FORD132CD542_APP_MCU/build/FORD123_CD542_CY8C4147AZS-S285/Debug/bsps/TARGET_FORD123_CD542_CY8C4147AZS-S285/config/GeneratedSource/cycfg_routing.o
                0x000026d0                init_cycfg_routing
 .text.cycfg_ClockStartupError
                0x000026f0        0x4 D:/SourceCode/ModusWorkspace/CN_FW_FORD132CD542_APP_MCU/build/FORD123_CD542_CY8C4147AZS-S285/Debug/bsps/TARGET_FORD123_CD542_CY8C4147AZS-S285/config/GeneratedSource/cycfg_system.o
                0x000026f0                cycfg_ClockStartupError
 .text.init_cycfg_system
                0x000026f4      0x11c D:/SourceCode/ModusWorkspace/CN_FW_FORD132CD542_APP_MCU/build/FORD123_CD542_CY8C4147AZS-S285/Debug/bsps/TARGET_FORD123_CD542_CY8C4147AZS-S285/config/GeneratedSource/cycfg_system.o
                0x000026f4                init_cycfg_system
 .text.cybsp_register_sysclk_pm_callback
                0x00002810       0x1c D:/SourceCode/ModusWorkspace/CN_FW_FORD132CD542_APP_MCU/build/FORD123_CD542_CY8C4147AZS-S285/Debug/bsps/TARGET_FORD123_CD542_CY8C4147AZS-S285/cybsp.o
 .text.cybsp_init
                0x0000282c        0xc D:/SourceCode/ModusWorkspace/CN_FW_FORD132CD542_APP_MCU/build/FORD123_CD542_CY8C4147AZS-S285/Debug/bsps/TARGET_FORD123_CD542_CY8C4147AZS-S285/cybsp.o
                0x0000282c                cybsp_init
 .text.Default_Handler
                0x00002838        0x2 D:/SourceCode/ModusWorkspace/CN_FW_FORD132CD542_APP_MCU/build/FORD123_CD542_CY8C4147AZS-S285/Debug/bsps/TARGET_FORD123_CD542_CY8C4147AZS-S285/startup_psoc4100sp.o
                0x00002838                lpcomp_interrupt_IRQHandler
                0x00002838                tcpwm_interrupts_7_IRQHandler
                0x00002838                SysTick_Handler
                0x00002838                PendSV_Handler
                0x00002838                NMI_Handler
                0x00002838                ioss_interrupts_gpio_1_IRQHandler
                0x00002838                cpuss_interrupt_dma_IRQHandler
                0x00002838                scb_4_interrupt_IRQHandler
                0x00002838                ioss_interrupts_gpio_2_IRQHandler
                0x00002838                scb_2_interrupt_IRQHandler
                0x00002838                tcpwm_interrupts_4_IRQHandler
                0x00002838                cpuss_interrupt_spcif_IRQHandler
                0x00002838                scb_0_interrupt_IRQHandler
                0x00002838                tcpwm_interrupts_3_IRQHandler
                0x00002838                csd_interrupt_IRQHandler
                0x00002838                tcpwm_interrupts_1_IRQHandler
                0x00002838                crypto_interrupt_IRQHandler
                0x00002838                tcpwm_interrupts_6_IRQHandler
                0x00002838                ioss_interrupt_gpio_IRQHandler
                0x00002838                scb_1_interrupt_IRQHandler
                0x00002838                Default_Handler
                0x00002838                scb_3_interrupt_IRQHandler
                0x00002838                ioss_interrupts_gpio_3_IRQHandler
                0x00002838                ioss_interrupts_gpio_0_IRQHandler
                0x00002838                tcpwm_interrupts_0_IRQHandler
                0x00002838                SVC_Handler
                0x00002838                tcpwm_interrupts_2_IRQHandler
                0x00002838                tcpwm_interrupts_5_IRQHandler
                0x00002838                srss_interrupt_wdt_IRQHandler
                0x00002838                pass_0_interrupt_ctbs_IRQHandler
                0x00002838                pass_0_interrupt_sar_IRQHandler
                0x00002838                can_interrupt_can_IRQHandler
                0x00002838                wco_interrupt_IRQHandler
 .text.HardFault_Handler
                0x0000283a        0x8 D:/SourceCode/ModusWorkspace/CN_FW_FORD132CD542_APP_MCU/build/FORD123_CD542_CY8C4147AZS-S285/Debug/bsps/TARGET_FORD123_CD542_CY8C4147AZS-S285/startup_psoc4100sp.o
                0x0000283a                HardFault_Handler
 .text.cy_toolchain_init
                0x00002842        0x2 D:/SourceCode/ModusWorkspace/CN_FW_FORD132CD542_APP_MCU/build/FORD123_CD542_CY8C4147AZS-S285/Debug/bsps/TARGET_FORD123_CD542_CY8C4147AZS-S285/startup_psoc4100sp.o
                0x00002842                cy_toolchain_init
 .text.software_init_hook
                0x00002844        0x8 D:/SourceCode/ModusWorkspace/CN_FW_FORD132CD542_APP_MCU/build/FORD123_CD542_CY8C4147AZS-S285/Debug/bsps/TARGET_FORD123_CD542_CY8C4147AZS-S285/startup_psoc4100sp.o
                0x00002844                software_init_hook
 .text.Cy_OnResetUser
                0x0000284c        0x2 D:/SourceCode/ModusWorkspace/CN_FW_FORD132CD542_APP_MCU/build/FORD123_CD542_CY8C4147AZS-S285/Debug/bsps/TARGET_FORD123_CD542_CY8C4147AZS-S285/startup_psoc4100sp.o
                0x0000284c                Cy_OnResetUser
 *fill*         0x0000284e        0x2 
 .text.Reset_Handler
                0x00002850       0x84 D:/SourceCode/ModusWorkspace/CN_FW_FORD132CD542_APP_MCU/build/FORD123_CD542_CY8C4147AZS-S285/Debug/bsps/TARGET_FORD123_CD542_CY8C4147AZS-S285/startup_psoc4100sp.o
                0x00002850                Reset_Handler
 .text.Cy_SystemInit
                0x000028d4        0x2 D:/SourceCode/ModusWorkspace/CN_FW_FORD132CD542_APP_MCU/build/FORD123_CD542_CY8C4147AZS-S285/Debug/bsps/TARGET_FORD123_CD542_CY8C4147AZS-S285/system_cat2.o
                0x000028d4                Cy_SystemInit
 *fill*         0x000028d6        0x2 
 .text.SystemInit
                0x000028d8       0x18 D:/SourceCode/ModusWorkspace/CN_FW_FORD132CD542_APP_MCU/build/FORD123_CD542_CY8C4147AZS-S285/Debug/bsps/TARGET_FORD123_CD542_CY8C4147AZS-S285/system_cat2.o
                0x000028d8                SystemInit
 .text.SystemCoreClockUpdate
                0x000028f0       0x60 D:/SourceCode/ModusWorkspace/CN_FW_FORD132CD542_APP_MCU/build/FORD123_CD542_CY8C4147AZS-S285/Debug/bsps/TARGET_FORD123_CD542_CY8C4147AZS-S285/system_cat2.o
                0x000028f0                SystemCoreClockUpdate
 .text.AdcDriver_ConversionStart
                0x00002950        0xa D:/SourceCode/ModusWorkspace/CN_FW_FORD132CD542_APP_MCU/build/FORD123_CD542_CY8C4147AZS-S285/Debug/driver/src/AdcDriver.o
 .text.AdcDriver_ConversionSequenceIsFinished
                0x0000295a       0x14 D:/SourceCode/ModusWorkspace/CN_FW_FORD132CD542_APP_MCU/build/FORD123_CD542_CY8C4147AZS-S285/Debug/driver/src/AdcDriver.o
 .text.AdcDriver_ConversionResultGet
                0x0000296e        0xa D:/SourceCode/ModusWorkspace/CN_FW_FORD132CD542_APP_MCU/build/FORD123_CD542_CY8C4147AZS-S285/Debug/driver/src/AdcDriver.o
 .text.AdcDriver_Initial
                0x00002978       0x2c D:/SourceCode/ModusWorkspace/CN_FW_FORD132CD542_APP_MCU/build/FORD123_CD542_CY8C4147AZS-S285/Debug/driver/src/AdcDriver.o
                0x00002978                AdcDriver_Initial
 .text.AdcDriver_Enable
                0x000029a4        0x8 D:/SourceCode/ModusWorkspace/CN_FW_FORD132CD542_APP_MCU/build/FORD123_CD542_CY8C4147AZS-S285/Debug/driver/src/AdcDriver.o
                0x000029a4                AdcDriver_Enable
 .text.AdcDriver_ChannelResultGet
                0x000029ac       0x34 D:/SourceCode/ModusWorkspace/CN_FW_FORD132CD542_APP_MCU/build/FORD123_CD542_CY8C4147AZS-S285/Debug/driver/src/AdcDriver.o
                0x000029ac                AdcDriver_ChannelResultGet
 .text.I2C2SDriver_InterruptHandler
                0x000029e0       0x14 D:/SourceCode/ModusWorkspace/CN_FW_FORD132CD542_APP_MCU/build/FORD123_CD542_CY8C4147AZS-S285/Debug/driver/src/I2C2SDriver.o
 .text.I2C2SDriver_GetTxWriteTransferCount
                0x000029f4       0x14 D:/SourceCode/ModusWorkspace/CN_FW_FORD132CD542_APP_MCU/build/FORD123_CD542_CY8C4147AZS-S285/Debug/driver/src/I2C2SDriver.o
                0x000029f4                I2C2SDriver_GetTxWriteTransferCount
 .text.I2C2SDriver_GetTxReadTransferCount
                0x00002a08       0x14 D:/SourceCode/ModusWorkspace/CN_FW_FORD132CD542_APP_MCU/build/FORD123_CD542_CY8C4147AZS-S285/Debug/driver/src/I2C2SDriver.o
                0x00002a08                I2C2SDriver_GetTxReadTransferCount
 .text.I2C2SDriver_ConfigRxBuff
                0x00002a1c       0x18 D:/SourceCode/ModusWorkspace/CN_FW_FORD132CD542_APP_MCU/build/FORD123_CD542_CY8C4147AZS-S285/Debug/driver/src/I2C2SDriver.o
                0x00002a1c                I2C2SDriver_ConfigRxBuff
 .text.I2C2SDriver_ConfigTxBuff
                0x00002a34       0x1c D:/SourceCode/ModusWorkspace/CN_FW_FORD132CD542_APP_MCU/build/FORD123_CD542_CY8C4147AZS-S285/Debug/driver/src/I2C2SDriver.o
                0x00002a34                I2C2SDriver_ConfigTxBuff
 .text.I2C2SDriver_RegisterCallback
                0x00002a50        0xc D:/SourceCode/ModusWorkspace/CN_FW_FORD132CD542_APP_MCU/build/FORD123_CD542_CY8C4147AZS-S285/Debug/driver/src/I2C2SDriver.o
                0x00002a50                I2C2SDriver_RegisterCallback
 .text.I2C2SDriver_Enable
                0x00002a5c       0x20 D:/SourceCode/ModusWorkspace/CN_FW_FORD132CD542_APP_MCU/build/FORD123_CD542_CY8C4147AZS-S285/Debug/driver/src/I2C2SDriver.o
                0x00002a5c                I2C2SDriver_Enable
 .text.I2C2SDriver_Initial
                0x00002a7c       0x3c D:/SourceCode/ModusWorkspace/CN_FW_FORD132CD542_APP_MCU/build/FORD123_CD542_CY8C4147AZS-S285/Debug/driver/src/I2C2SDriver.o
                0x00002a7c                I2C2SDriver_Initial
 .text.I2C4MDriver_Interrupt
                0x00002ab8       0x14 D:/SourceCode/ModusWorkspace/CN_FW_FORD132CD542_APP_MCU/build/FORD123_CD542_CY8C4147AZS-S285/Debug/driver/src/I2C4MDriver.o
 .text.I2C4MDriver_Initialize
                0x00002acc       0x70 D:/SourceCode/ModusWorkspace/CN_FW_FORD132CD542_APP_MCU/build/FORD123_CD542_CY8C4147AZS-S285/Debug/driver/src/I2C4MDriver.o
                0x00002acc                I2C4MDriver_Initialize
 .text.I2C4MDriver_Write
                0x00002b3c       0x88 D:/SourceCode/ModusWorkspace/CN_FW_FORD132CD542_APP_MCU/build/FORD123_CD542_CY8C4147AZS-S285/Debug/driver/src/I2C4MDriver.o
                0x00002b3c                I2C4MDriver_Write
 .text.NVMDriver_Read
                0x00002bc4       0x10 D:/SourceCode/ModusWorkspace/CN_FW_FORD132CD542_APP_MCU/build/FORD123_CD542_CY8C4147AZS-S285/Debug/driver/src/NVMDriver.o
                0x00002bc4                NVMDriver_Read
 .text.NVMDriver_PageWrite
                0x00002bd4       0x30 D:/SourceCode/ModusWorkspace/CN_FW_FORD132CD542_APP_MCU/build/FORD123_CD542_CY8C4147AZS-S285/Debug/driver/src/NVMDriver.o
                0x00002bd4                NVMDriver_PageWrite
 .text.NVMDriver_RowErase
                0x00002c04       0x28 D:/SourceCode/ModusWorkspace/CN_FW_FORD132CD542_APP_MCU/build/FORD123_CD542_CY8C4147AZS-S285/Debug/driver/src/NVMDriver.o
                0x00002c04                NVMDriver_RowErase
 .text.PortDrvier_PinRead
                0x00002c2c       0x10 D:/SourceCode/ModusWorkspace/CN_FW_FORD132CD542_APP_MCU/build/FORD123_CD542_CY8C4147AZS-S285/Debug/driver/src/PortDriver.o
                0x00002c2c                PortDrvier_PinRead
 .text.PortDriver_PinSet
                0x00002c3c        0xe D:/SourceCode/ModusWorkspace/CN_FW_FORD132CD542_APP_MCU/build/FORD123_CD542_CY8C4147AZS-S285/Debug/driver/src/PortDriver.o
                0x00002c3c                PortDriver_PinSet
 .text.PortDriver_PinClear
                0x00002c4a        0xe D:/SourceCode/ModusWorkspace/CN_FW_FORD132CD542_APP_MCU/build/FORD123_CD542_CY8C4147AZS-S285/Debug/driver/src/PortDriver.o
                0x00002c4a                PortDriver_PinClear
 .text.PwmDriver_Initial
                0x00002c58       0x28 D:/SourceCode/ModusWorkspace/CN_FW_FORD132CD542_APP_MCU/build/FORD123_CD542_CY8C4147AZS-S285/Debug/driver/src/PwmDriver.o
                0x00002c58                PwmDriver_Initial
 .text.PwmDriver_Start
                0x00002c80       0x2c D:/SourceCode/ModusWorkspace/CN_FW_FORD132CD542_APP_MCU/build/FORD123_CD542_CY8C4147AZS-S285/Debug/driver/src/PwmDriver.o
                0x00002c80                PwmDriver_Start
 .text.PwmDriver_Stop
                0x00002cac       0x10 D:/SourceCode/ModusWorkspace/CN_FW_FORD132CD542_APP_MCU/build/FORD123_CD542_CY8C4147AZS-S285/Debug/driver/src/PwmDriver.o
                0x00002cac                PwmDriver_Stop
 .text.PwmDriver_DutySet
                0x00002cbc       0x40 D:/SourceCode/ModusWorkspace/CN_FW_FORD132CD542_APP_MCU/build/FORD123_CD542_CY8C4147AZS-S285/Debug/driver/src/PwmDriver.o
                0x00002cbc                PwmDriver_DutySet
 .text.TC0Driver_TimerStart
                0x00002cfc       0x50 D:/SourceCode/ModusWorkspace/CN_FW_FORD132CD542_APP_MCU/build/FORD123_CD542_CY8C4147AZS-S285/Debug/driver/src/TC0Driver.o
                0x00002cfc                TC0Driver_TimerStart
 .text.TC0Driver_IntFlagClean
                0x00002d4c       0x14 D:/SourceCode/ModusWorkspace/CN_FW_FORD132CD542_APP_MCU/build/FORD123_CD542_CY8C4147AZS-S285/Debug/driver/src/TC0Driver.o
                0x00002d4c                TC0Driver_IntFlagClean
 .text.TC0Driver_TimerCallbackRegister
                0x00002d60       0x44 D:/SourceCode/ModusWorkspace/CN_FW_FORD132CD542_APP_MCU/build/FORD123_CD542_CY8C4147AZS-S285/Debug/driver/src/TC0Driver.o
                0x00002d60                TC0Driver_TimerCallbackRegister
 .text.UartDriver_Initial
                0x00002da4       0x30 D:/SourceCode/ModusWorkspace/CN_FW_FORD132CD542_APP_MCU/build/FORD123_CD542_CY8C4147AZS-S285/Debug/driver/src/UartDriver.o
                0x00002da4                UartDriver_Initial
 .text.UartDriver_Receive
                0x00002dd4       0x28 D:/SourceCode/ModusWorkspace/CN_FW_FORD132CD542_APP_MCU/build/FORD123_CD542_CY8C4147AZS-S285/Debug/driver/src/UartDriver.o
                0x00002dd4                UartDriver_Receive
 .text.UartDriver_AbortReceive
                0x00002dfc       0x24 D:/SourceCode/ModusWorkspace/CN_FW_FORD132CD542_APP_MCU/build/FORD123_CD542_CY8C4147AZS-S285/Debug/driver/src/UartDriver.o
                0x00002dfc                UartDriver_AbortReceive
 .text.UartDriver_TxWriteString
                0x00002e20       0x18 D:/SourceCode/ModusWorkspace/CN_FW_FORD132CD542_APP_MCU/build/FORD123_CD542_CY8C4147AZS-S285/Debug/driver/src/UartDriver.o
                0x00002e20                UartDriver_TxWriteString
 .text.WdtDriver_Initial
                0x00002e38       0x5c D:/SourceCode/ModusWorkspace/CN_FW_FORD132CD542_APP_MCU/build/FORD123_CD542_CY8C4147AZS-S285/Debug/driver/src/WdtDriver.o
                0x00002e38                WdtDriver_Initial
 .text.WdtDriver_SetMatchIfPeriodMode
                0x00002e94       0x28 D:/SourceCode/ModusWorkspace/CN_FW_FORD132CD542_APP_MCU/build/FORD123_CD542_CY8C4147AZS-S285/Debug/driver/src/WdtDriver.o
                0x00002e94                WdtDriver_SetMatchIfPeriodMode
 .text.WdtDriver_Enable
                0x00002ebc       0x20 D:/SourceCode/ModusWorkspace/CN_FW_FORD132CD542_APP_MCU/build/FORD123_CD542_CY8C4147AZS-S285/Debug/driver/src/WdtDriver.o
                0x00002ebc                WdtDriver_Enable
 .text.WdtDriver_Disable
                0x00002edc       0x34 D:/SourceCode/ModusWorkspace/CN_FW_FORD132CD542_APP_MCU/build/FORD123_CD542_CY8C4147AZS-S285/Debug/driver/src/WdtDriver.o
                0x00002edc                WdtDriver_Disable
 .text.WdtDriver_RegisterDSCallback
                0x00002f10       0x10 D:/SourceCode/ModusWorkspace/CN_FW_FORD132CD542_APP_MCU/build/FORD123_CD542_CY8C4147AZS-S285/Debug/driver/src/WdtDriver.o
                0x00002f10                WdtDriver_RegisterDSCallback
 .text.main     0x00002f20       0x30 D:/SourceCode/ModusWorkspace/CN_FW_FORD132CD542_APP_MCU/build/FORD123_CD542_CY8C4147AZS-S285/Debug/main.o
                0x00002f20                main
 .text          0x00002f50       0x20 D:/SourceCode/ModusWorkspace/CN_FW_FORD132CD542_APP_MCU/build/FORD123_CD542_CY8C4147AZS-S285/Debug/ext/mtb_shared/mtb-pdl-cat2/release-v2.11.0/drivers/source/COMPONENT_CM0P/TOOLCHAIN_GCC_ARM/cy_syslib_gcc.o
                0x00002f50                Cy_SysLib_DelayCycles
                0x00002f62                Cy_SysLib_EnterCriticalSection
                0x00002f6a                Cy_SysLib_ExitCriticalSection
 .text.ProcessStatusCode
                0x00002f70       0x80 D:/SourceCode/ModusWorkspace/CN_FW_FORD132CD542_APP_MCU/build/FORD123_CD542_CY8C4147AZS-S285/Debug/ext/mtb_shared/mtb-pdl-cat2/release-v2.11.0/drivers/source/cy_flash.o
 .text.Cy_Flash_ValidAddr
                0x00002ff0       0x38 D:/SourceCode/ModusWorkspace/CN_FW_FORD132CD542_APP_MCU/build/FORD123_CD542_CY8C4147AZS-S285/Debug/ext/mtb_shared/mtb-pdl-cat2/release-v2.11.0/drivers/source/cy_flash.o
 .text.Cy_Flash_GetRowNum
                0x00003028       0x1c D:/SourceCode/ModusWorkspace/CN_FW_FORD132CD542_APP_MCU/build/FORD123_CD542_CY8C4147AZS-S285/Debug/ext/mtb_shared/mtb-pdl-cat2/release-v2.11.0/drivers/source/cy_flash.o
 .text.Cy_Flash_ClockBackup
                0x00003044       0x3c D:/SourceCode/ModusWorkspace/CN_FW_FORD132CD542_APP_MCU/build/FORD123_CD542_CY8C4147AZS-S285/Debug/ext/mtb_shared/mtb-pdl-cat2/release-v2.11.0/drivers/source/cy_flash.o
 .text.Cy_Flash_ClockConfig
                0x00003080       0x20 D:/SourceCode/ModusWorkspace/CN_FW_FORD132CD542_APP_MCU/build/FORD123_CD542_CY8C4147AZS-S285/Debug/ext/mtb_shared/mtb-pdl-cat2/release-v2.11.0/drivers/source/cy_flash.o
 .text.Cy_Flash_ClockRestore
                0x000030a0       0x30 D:/SourceCode/ModusWorkspace/CN_FW_FORD132CD542_APP_MCU/build/FORD123_CD542_CY8C4147AZS-S285/Debug/ext/mtb_shared/mtb-pdl-cat2/release-v2.11.0/drivers/source/cy_flash.o
 .text.Cy_Flash_WriteRow
                0x000030d0       0xdc D:/SourceCode/ModusWorkspace/CN_FW_FORD132CD542_APP_MCU/build/FORD123_CD542_CY8C4147AZS-S285/Debug/ext/mtb_shared/mtb-pdl-cat2/release-v2.11.0/drivers/source/cy_flash.o
                0x000030d0                Cy_Flash_WriteRow
 .text.Cy_GPIO_Pin_Init
                0x000031ac      0x150 D:/SourceCode/ModusWorkspace/CN_FW_FORD132CD542_APP_MCU/build/FORD123_CD542_CY8C4147AZS-S285/Debug/ext/mtb_shared/mtb-pdl-cat2/release-v2.11.0/drivers/source/cy_gpio.o
                0x000031ac                Cy_GPIO_Pin_Init
 .text.Cy_SAR_IsBaseAddrValid
                0x000032fc       0x14 D:/SourceCode/ModusWorkspace/CN_FW_FORD132CD542_APP_MCU/build/FORD123_CD542_CY8C4147AZS-S285/Debug/ext/mtb_shared/mtb-pdl-cat2/release-v2.11.0/drivers/source/cy_sar.o
 .text.Cy_SAR_Init
                0x00003310      0x498 D:/SourceCode/ModusWorkspace/CN_FW_FORD132CD542_APP_MCU/build/FORD123_CD542_CY8C4147AZS-S285/Debug/ext/mtb_shared/mtb-pdl-cat2/release-v2.11.0/drivers/source/cy_sar.o
                0x00003310                Cy_SAR_Init
 .text.Cy_SAR_Enable
                0x000037a8       0x1c D:/SourceCode/ModusWorkspace/CN_FW_FORD132CD542_APP_MCU/build/FORD123_CD542_CY8C4147AZS-S285/Debug/ext/mtb_shared/mtb-pdl-cat2/release-v2.11.0/drivers/source/cy_sar.o
                0x000037a8                Cy_SAR_Enable
 .text.Cy_SAR_StartConvert
                0x000037c4       0x20 D:/SourceCode/ModusWorkspace/CN_FW_FORD132CD542_APP_MCU/build/FORD123_CD542_CY8C4147AZS-S285/Debug/ext/mtb_shared/mtb-pdl-cat2/release-v2.11.0/drivers/source/cy_sar.o
                0x000037c4                Cy_SAR_StartConvert
 .text.Cy_SAR_IsEndConversion
                0x000037e4       0x6c D:/SourceCode/ModusWorkspace/CN_FW_FORD132CD542_APP_MCU/build/FORD123_CD542_CY8C4147AZS-S285/Debug/ext/mtb_shared/mtb-pdl-cat2/release-v2.11.0/drivers/source/cy_sar.o
                0x000037e4                Cy_SAR_IsEndConversion
 .text.Cy_SAR_GetResult16
                0x00003850       0x2c D:/SourceCode/ModusWorkspace/CN_FW_FORD132CD542_APP_MCU/build/FORD123_CD542_CY8C4147AZS-S285/Debug/ext/mtb_shared/mtb-pdl-cat2/release-v2.11.0/drivers/source/cy_sar.o
                0x00003850                Cy_SAR_GetResult16
 .text.Cy_SCB_ReadArrayNoCheck
                0x0000387c       0x38 D:/SourceCode/ModusWorkspace/CN_FW_FORD132CD542_APP_MCU/build/FORD123_CD542_CY8C4147AZS-S285/Debug/ext/mtb_shared/mtb-pdl-cat2/release-v2.11.0/drivers/source/cy_scb_common.o
                0x0000387c                Cy_SCB_ReadArrayNoCheck
 .text.Cy_SCB_ReadArray
                0x000038b4       0x1e D:/SourceCode/ModusWorkspace/CN_FW_FORD132CD542_APP_MCU/build/FORD123_CD542_CY8C4147AZS-S285/Debug/ext/mtb_shared/mtb-pdl-cat2/release-v2.11.0/drivers/source/cy_scb_common.o
                0x000038b4                Cy_SCB_ReadArray
 .text.Cy_SCB_WriteArrayNoCheck
                0x000038d2       0x38 D:/SourceCode/ModusWorkspace/CN_FW_FORD132CD542_APP_MCU/build/FORD123_CD542_CY8C4147AZS-S285/Debug/ext/mtb_shared/mtb-pdl-cat2/release-v2.11.0/drivers/source/cy_scb_common.o
                0x000038d2                Cy_SCB_WriteArrayNoCheck
 .text.Cy_SCB_WriteArray
                0x0000390a       0x2c D:/SourceCode/ModusWorkspace/CN_FW_FORD132CD542_APP_MCU/build/FORD123_CD542_CY8C4147AZS-S285/Debug/ext/mtb_shared/mtb-pdl-cat2/release-v2.11.0/drivers/source/cy_scb_common.o
                0x0000390a                Cy_SCB_WriteArray
 .text.Cy_SCB_WriteString
                0x00003936       0x30 D:/SourceCode/ModusWorkspace/CN_FW_FORD132CD542_APP_MCU/build/FORD123_CD542_CY8C4147AZS-S285/Debug/ext/mtb_shared/mtb-pdl-cat2/release-v2.11.0/drivers/source/cy_scb_common.o
                0x00003936                Cy_SCB_WriteString
 .text.Cy_SCB_WriteDefaultArrayNoCheck
                0x00003966       0x10 D:/SourceCode/ModusWorkspace/CN_FW_FORD132CD542_APP_MCU/build/FORD123_CD542_CY8C4147AZS-S285/Debug/ext/mtb_shared/mtb-pdl-cat2/release-v2.11.0/drivers/source/cy_scb_common.o
                0x00003966                Cy_SCB_WriteDefaultArrayNoCheck
 .text.Cy_SCB_WriteDefaultArray
                0x00003976       0x2c D:/SourceCode/ModusWorkspace/CN_FW_FORD132CD542_APP_MCU/build/FORD123_CD542_CY8C4147AZS-S285/Debug/ext/mtb_shared/mtb-pdl-cat2/release-v2.11.0/drivers/source/cy_scb_common.o
                0x00003976                Cy_SCB_WriteDefaultArray
 *fill*         0x000039a2        0x2 
 .text.SlaveHandleStop
                0x000039a4      0x110 D:/SourceCode/ModusWorkspace/CN_FW_FORD132CD542_APP_MCU/build/FORD123_CD542_CY8C4147AZS-S285/Debug/ext/mtb_shared/mtb-pdl-cat2/release-v2.11.0/drivers/source/cy_scb_i2c.o
 .text.MasterHandleEvents
                0x00003ab4       0x78 D:/SourceCode/ModusWorkspace/CN_FW_FORD132CD542_APP_MCU/build/FORD123_CD542_CY8C4147AZS-S285/Debug/ext/mtb_shared/mtb-pdl-cat2/release-v2.11.0/drivers/source/cy_scb_i2c.o
 .text.MasterHandleStop
                0x00003b2c       0x3c D:/SourceCode/ModusWorkspace/CN_FW_FORD132CD542_APP_MCU/build/FORD123_CD542_CY8C4147AZS-S285/Debug/ext/mtb_shared/mtb-pdl-cat2/release-v2.11.0/drivers/source/cy_scb_i2c.o
 .text.MasterHandleComplete
                0x00003b68      0x114 D:/SourceCode/ModusWorkspace/CN_FW_FORD132CD542_APP_MCU/build/FORD123_CD542_CY8C4147AZS-S285/Debug/ext/mtb_shared/mtb-pdl-cat2/release-v2.11.0/drivers/source/cy_scb_i2c.o
 .text.SlaveHandleDataTransmit
                0x00003c7c       0xf4 D:/SourceCode/ModusWorkspace/CN_FW_FORD132CD542_APP_MCU/build/FORD123_CD542_CY8C4147AZS-S285/Debug/ext/mtb_shared/mtb-pdl-cat2/release-v2.11.0/drivers/source/cy_scb_i2c.o
 .text.MasterHandleDataTransmit
                0x00003d70       0xd4 D:/SourceCode/ModusWorkspace/CN_FW_FORD132CD542_APP_MCU/build/FORD123_CD542_CY8C4147AZS-S285/Debug/ext/mtb_shared/mtb-pdl-cat2/release-v2.11.0/drivers/source/cy_scb_i2c.o
 .text.SlaveHandleAck
                0x00003e44       0xc4 D:/SourceCode/ModusWorkspace/CN_FW_FORD132CD542_APP_MCU/build/FORD123_CD542_CY8C4147AZS-S285/Debug/ext/mtb_shared/mtb-pdl-cat2/release-v2.11.0/drivers/source/cy_scb_i2c.o
 .text.SlaveHandleAddress
                0x00003f08       0xcc D:/SourceCode/ModusWorkspace/CN_FW_FORD132CD542_APP_MCU/build/FORD123_CD542_CY8C4147AZS-S285/Debug/ext/mtb_shared/mtb-pdl-cat2/release-v2.11.0/drivers/source/cy_scb_i2c.o
 .text.MasterHandleDataReceive
                0x00003fd4       0xec D:/SourceCode/ModusWorkspace/CN_FW_FORD132CD542_APP_MCU/build/FORD123_CD542_CY8C4147AZS-S285/Debug/ext/mtb_shared/mtb-pdl-cat2/release-v2.11.0/drivers/source/cy_scb_i2c.o
 .text.SlaveHandleDataReceive
                0x000040c0       0xbc D:/SourceCode/ModusWorkspace/CN_FW_FORD132CD542_APP_MCU/build/FORD123_CD542_CY8C4147AZS-S285/Debug/ext/mtb_shared/mtb-pdl-cat2/release-v2.11.0/drivers/source/cy_scb_i2c.o
 .text.Cy_SCB_I2C_Init
                0x0000417c      0x1a4 D:/SourceCode/ModusWorkspace/CN_FW_FORD132CD542_APP_MCU/build/FORD123_CD542_CY8C4147AZS-S285/Debug/ext/mtb_shared/mtb-pdl-cat2/release-v2.11.0/drivers/source/cy_scb_i2c.o
                0x0000417c                Cy_SCB_I2C_Init
 .text.Cy_SCB_I2C_Disable
                0x00004320       0x16 D:/SourceCode/ModusWorkspace/CN_FW_FORD132CD542_APP_MCU/build/FORD123_CD542_CY8C4147AZS-S285/Debug/ext/mtb_shared/mtb-pdl-cat2/release-v2.11.0/drivers/source/cy_scb_i2c.o
                0x00004320                Cy_SCB_I2C_Disable
 .text.Cy_SCB_I2C_SlaveConfigReadBuf
                0x00004336       0x18 D:/SourceCode/ModusWorkspace/CN_FW_FORD132CD542_APP_MCU/build/FORD123_CD542_CY8C4147AZS-S285/Debug/ext/mtb_shared/mtb-pdl-cat2/release-v2.11.0/drivers/source/cy_scb_i2c.o
                0x00004336                Cy_SCB_I2C_SlaveConfigReadBuf
 .text.Cy_SCB_I2C_SlaveGetReadTransferCount
                0x0000434e        0x4 D:/SourceCode/ModusWorkspace/CN_FW_FORD132CD542_APP_MCU/build/FORD123_CD542_CY8C4147AZS-S285/Debug/ext/mtb_shared/mtb-pdl-cat2/release-v2.11.0/drivers/source/cy_scb_i2c.o
                0x0000434e                Cy_SCB_I2C_SlaveGetReadTransferCount
 .text.Cy_SCB_I2C_SlaveConfigWriteBuf
                0x00004352       0x16 D:/SourceCode/ModusWorkspace/CN_FW_FORD132CD542_APP_MCU/build/FORD123_CD542_CY8C4147AZS-S285/Debug/ext/mtb_shared/mtb-pdl-cat2/release-v2.11.0/drivers/source/cy_scb_i2c.o
                0x00004352                Cy_SCB_I2C_SlaveConfigWriteBuf
 .text.Cy_SCB_I2C_SlaveGetWriteTransferCount
                0x00004368        0x4 D:/SourceCode/ModusWorkspace/CN_FW_FORD132CD542_APP_MCU/build/FORD123_CD542_CY8C4147AZS-S285/Debug/ext/mtb_shared/mtb-pdl-cat2/release-v2.11.0/drivers/source/cy_scb_i2c.o
                0x00004368                Cy_SCB_I2C_SlaveGetWriteTransferCount
 .text.Cy_SCB_I2C_MasterGetStatus
                0x0000436c        0x4 D:/SourceCode/ModusWorkspace/CN_FW_FORD132CD542_APP_MCU/build/FORD123_CD542_CY8C4147AZS-S285/Debug/ext/mtb_shared/mtb-pdl-cat2/release-v2.11.0/drivers/source/cy_scb_i2c.o
                0x0000436c                Cy_SCB_I2C_MasterGetStatus
 .text.Cy_SCB_I2C_MasterWrite
                0x00004370      0x13c D:/SourceCode/ModusWorkspace/CN_FW_FORD132CD542_APP_MCU/build/FORD123_CD542_CY8C4147AZS-S285/Debug/ext/mtb_shared/mtb-pdl-cat2/release-v2.11.0/drivers/source/cy_scb_i2c.o
                0x00004370                Cy_SCB_I2C_MasterWrite
 .text.Cy_SCB_I2C_MasterGetTransferCount
                0x000044ac        0x4 D:/SourceCode/ModusWorkspace/CN_FW_FORD132CD542_APP_MCU/build/FORD123_CD542_CY8C4147AZS-S285/Debug/ext/mtb_shared/mtb-pdl-cat2/release-v2.11.0/drivers/source/cy_scb_i2c.o
                0x000044ac                Cy_SCB_I2C_MasterGetTransferCount
 .text.Cy_SCB_I2C_SlaveInterrupt
                0x000044b0      0x128 D:/SourceCode/ModusWorkspace/CN_FW_FORD132CD542_APP_MCU/build/FORD123_CD542_CY8C4147AZS-S285/Debug/ext/mtb_shared/mtb-pdl-cat2/release-v2.11.0/drivers/source/cy_scb_i2c.o
                0x000044b0                Cy_SCB_I2C_SlaveInterrupt
 .text.Cy_SCB_I2C_MasterInterrupt
                0x000045d8       0x96 D:/SourceCode/ModusWorkspace/CN_FW_FORD132CD542_APP_MCU/build/FORD123_CD542_CY8C4147AZS-S285/Debug/ext/mtb_shared/mtb-pdl-cat2/release-v2.11.0/drivers/source/cy_scb_i2c.o
                0x000045d8                Cy_SCB_I2C_MasterInterrupt
 .text.Cy_SCB_I2C_Interrupt
                0x0000466e       0x14 D:/SourceCode/ModusWorkspace/CN_FW_FORD132CD542_APP_MCU/build/FORD123_CD542_CY8C4147AZS-S285/Debug/ext/mtb_shared/mtb-pdl-cat2/release-v2.11.0/drivers/source/cy_scb_i2c.o
                0x0000466e                Cy_SCB_I2C_Interrupt
 *fill*         0x00004682        0x2 
 .text.Cy_SCB_UART_Init
                0x00004684      0x328 D:/SourceCode/ModusWorkspace/CN_FW_FORD132CD542_APP_MCU/build/FORD123_CD542_CY8C4147AZS-S285/Debug/ext/mtb_shared/mtb-pdl-cat2/release-v2.11.0/drivers/source/cy_scb_uart.o
                0x00004684                Cy_SCB_UART_Init
 .text.Cy_SysClk_ExtClkGetFrequency
                0x000049ac        0xc D:/SourceCode/ModusWorkspace/CN_FW_FORD132CD542_APP_MCU/build/FORD123_CD542_CY8C4147AZS-S285/Debug/ext/mtb_shared/mtb-pdl-cat2/release-v2.11.0/drivers/source/cy_sysclk.o
                0x000049ac                Cy_SysClk_ExtClkGetFrequency
 .text.Cy_SysClk_ImoGetFrequency
                0x000049b8       0x3c D:/SourceCode/ModusWorkspace/CN_FW_FORD132CD542_APP_MCU/build/FORD123_CD542_CY8C4147AZS-S285/Debug/ext/mtb_shared/mtb-pdl-cat2/release-v2.11.0/drivers/source/cy_sysclk.o
                0x000049b8                Cy_SysClk_ImoGetFrequency
 .text.Cy_SysClk_ImoGetLockStatus
                0x000049f4       0x14 D:/SourceCode/ModusWorkspace/CN_FW_FORD132CD542_APP_MCU/build/FORD123_CD542_CY8C4147AZS-S285/Debug/ext/mtb_shared/mtb-pdl-cat2/release-v2.11.0/drivers/source/cy_sysclk.o
                0x000049f4                Cy_SysClk_ImoGetLockStatus
 .text.Cy_SysClk_ImoLock
                0x00004a08      0x104 D:/SourceCode/ModusWorkspace/CN_FW_FORD132CD542_APP_MCU/build/FORD123_CD542_CY8C4147AZS-S285/Debug/ext/mtb_shared/mtb-pdl-cat2/release-v2.11.0/drivers/source/cy_sysclk.o
                0x00004a08                Cy_SysClk_ImoLock
 .text.Cy_SysClk_ImoSetFrequency
                0x00004b0c      0x13c D:/SourceCode/ModusWorkspace/CN_FW_FORD132CD542_APP_MCU/build/FORD123_CD542_CY8C4147AZS-S285/Debug/ext/mtb_shared/mtb-pdl-cat2/release-v2.11.0/drivers/source/cy_sysclk.o
                0x00004b0c                Cy_SysClk_ImoSetFrequency
 .text.Cy_SysClk_IloStartMeasurement
                0x00004c48       0x4c D:/SourceCode/ModusWorkspace/CN_FW_FORD132CD542_APP_MCU/build/FORD123_CD542_CY8C4147AZS-S285/Debug/ext/mtb_shared/mtb-pdl-cat2/release-v2.11.0/drivers/source/cy_sysclk.o
                0x00004c48                Cy_SysClk_IloStartMeasurement
 .text.Cy_SysClk_IloCompensate
                0x00004c94      0x11c D:/SourceCode/ModusWorkspace/CN_FW_FORD132CD542_APP_MCU/build/FORD123_CD542_CY8C4147AZS-S285/Debug/ext/mtb_shared/mtb-pdl-cat2/release-v2.11.0/drivers/source/cy_sysclk.o
                0x00004c94                Cy_SysClk_IloCompensate
 .text.Cy_SysClk_EcoGetFrequency
                0x00004db0       0x28 D:/SourceCode/ModusWorkspace/CN_FW_FORD132CD542_APP_MCU/build/FORD123_CD542_CY8C4147AZS-S285/Debug/ext/mtb_shared/mtb-pdl-cat2/release-v2.11.0/drivers/source/cy_sysclk.o
                0x00004db0                Cy_SysClk_EcoGetFrequency
 .text.Cy_SysClk_EcoSeqGen
                0x00004dd8       0x40 D:/SourceCode/ModusWorkspace/CN_FW_FORD132CD542_APP_MCU/build/FORD123_CD542_CY8C4147AZS-S285/Debug/ext/mtb_shared/mtb-pdl-cat2/release-v2.11.0/drivers/source/cy_sysclk.o
 .text.Cy_SysClk_ExcoGetStatus
                0x00004e18       0x6c D:/SourceCode/ModusWorkspace/CN_FW_FORD132CD542_APP_MCU/build/FORD123_CD542_CY8C4147AZS-S285/Debug/ext/mtb_shared/mtb-pdl-cat2/release-v2.11.0/drivers/source/cy_sysclk.o
 .text.Cy_SysClk_PllBypass
                0x00004e84       0x30 D:/SourceCode/ModusWorkspace/CN_FW_FORD132CD542_APP_MCU/build/FORD123_CD542_CY8C4147AZS-S285/Debug/ext/mtb_shared/mtb-pdl-cat2/release-v2.11.0/drivers/source/cy_sysclk.o
                0x00004e84                Cy_SysClk_PllBypass
 .text.Cy_SysClk_PllGetConfiguration
                0x00004eb4       0x3c D:/SourceCode/ModusWorkspace/CN_FW_FORD132CD542_APP_MCU/build/FORD123_CD542_CY8C4147AZS-S285/Debug/ext/mtb_shared/mtb-pdl-cat2/release-v2.11.0/drivers/source/cy_sysclk.o
                0x00004eb4                Cy_SysClk_PllGetConfiguration
 .text.Cy_SysClk_PllGetFrequency
                0x00004ef0       0x68 D:/SourceCode/ModusWorkspace/CN_FW_FORD132CD542_APP_MCU/build/FORD123_CD542_CY8C4147AZS-S285/Debug/ext/mtb_shared/mtb-pdl-cat2/release-v2.11.0/drivers/source/cy_sysclk.o
                0x00004ef0                Cy_SysClk_PllGetFrequency
 .text.Cy_SysClk_ExcoGetFrequency
                0x00004f58       0x18 D:/SourceCode/ModusWorkspace/CN_FW_FORD132CD542_APP_MCU/build/FORD123_CD542_CY8C4147AZS-S285/Debug/ext/mtb_shared/mtb-pdl-cat2/release-v2.11.0/drivers/source/cy_sysclk.o
 .text.Cy_SysClk_ClkHfGetSource
                0x00004f70       0x10 D:/SourceCode/ModusWorkspace/CN_FW_FORD132CD542_APP_MCU/build/FORD123_CD542_CY8C4147AZS-S285/Debug/ext/mtb_shared/mtb-pdl-cat2/release-v2.11.0/drivers/source/cy_sysclk.o
                0x00004f70                Cy_SysClk_ClkHfGetSource
 .text.Cy_SysClk_ClkHfSetSource
                0x00004f80       0xcc D:/SourceCode/ModusWorkspace/CN_FW_FORD132CD542_APP_MCU/build/FORD123_CD542_CY8C4147AZS-S285/Debug/ext/mtb_shared/mtb-pdl-cat2/release-v2.11.0/drivers/source/cy_sysclk.o
                0x00004f80                Cy_SysClk_ClkHfSetSource
 .text.Cy_SysClk_ClkHfGetFrequency
                0x0000504c       0x48 D:/SourceCode/ModusWorkspace/CN_FW_FORD132CD542_APP_MCU/build/FORD123_CD542_CY8C4147AZS-S285/Debug/ext/mtb_shared/mtb-pdl-cat2/release-v2.11.0/drivers/source/cy_sysclk.o
                0x0000504c                Cy_SysClk_ClkHfGetFrequency
 .text.Cy_SysClk_PeriphSetDivider
                0x00005094       0x48 D:/SourceCode/ModusWorkspace/CN_FW_FORD132CD542_APP_MCU/build/FORD123_CD542_CY8C4147AZS-S285/Debug/ext/mtb_shared/mtb-pdl-cat2/release-v2.11.0/drivers/source/cy_sysclk.o
                0x00005094                Cy_SysClk_PeriphSetDivider
 .text.Cy_SysClk_PeriphSetFracDivider
                0x000050dc       0xa0 D:/SourceCode/ModusWorkspace/CN_FW_FORD132CD542_APP_MCU/build/FORD123_CD542_CY8C4147AZS-S285/Debug/ext/mtb_shared/mtb-pdl-cat2/release-v2.11.0/drivers/source/cy_sysclk.o
                0x000050dc                Cy_SysClk_PeriphSetFracDivider
 .text.Cy_SysClk_PeriphAssignDivider
                0x0000517c       0x4c D:/SourceCode/ModusWorkspace/CN_FW_FORD132CD542_APP_MCU/build/FORD123_CD542_CY8C4147AZS-S285/Debug/ext/mtb_shared/mtb-pdl-cat2/release-v2.11.0/drivers/source/cy_sysclk.o
                0x0000517c                Cy_SysClk_PeriphAssignDivider
 .text.Cy_SysClk_PeriphEnableDivider
                0x000051c8       0x4c D:/SourceCode/ModusWorkspace/CN_FW_FORD132CD542_APP_MCU/build/FORD123_CD542_CY8C4147AZS-S285/Debug/ext/mtb_shared/mtb-pdl-cat2/release-v2.11.0/drivers/source/cy_sysclk.o
                0x000051c8                Cy_SysClk_PeriphEnableDivider
 .text.Cy_SysClk_PeriphDisableDivider
                0x00005214       0x48 D:/SourceCode/ModusWorkspace/CN_FW_FORD132CD542_APP_MCU/build/FORD123_CD542_CY8C4147AZS-S285/Debug/ext/mtb_shared/mtb-pdl-cat2/release-v2.11.0/drivers/source/cy_sysclk.o
                0x00005214                Cy_SysClk_PeriphDisableDivider
 .text.Cy_SysClk_ClkPumpSetSource
                0x0000525c       0x38 D:/SourceCode/ModusWorkspace/CN_FW_FORD132CD542_APP_MCU/build/FORD123_CD542_CY8C4147AZS-S285/Debug/ext/mtb_shared/mtb-pdl-cat2/release-v2.11.0/drivers/source/cy_sysclk.o
                0x0000525c                Cy_SysClk_ClkPumpSetSource
 .text.Cy_SysClk_DeepSleepCallback
                0x00005294      0x1bc D:/SourceCode/ModusWorkspace/CN_FW_FORD132CD542_APP_MCU/build/FORD123_CD542_CY8C4147AZS-S285/Debug/ext/mtb_shared/mtb-pdl-cat2/release-v2.11.0/drivers/source/cy_sysclk.o
                0x00005294                Cy_SysClk_DeepSleepCallback
 .text.Cy_SysInt_SetVector
                0x00005450       0x34 D:/SourceCode/ModusWorkspace/CN_FW_FORD132CD542_APP_MCU/build/FORD123_CD542_CY8C4147AZS-S285/Debug/ext/mtb_shared/mtb-pdl-cat2/release-v2.11.0/drivers/source/cy_sysint.o
                0x00005450                Cy_SysInt_SetVector
 .text.Cy_SysInt_Init
                0x00005484       0xa4 D:/SourceCode/ModusWorkspace/CN_FW_FORD132CD542_APP_MCU/build/FORD123_CD542_CY8C4147AZS-S285/Debug/ext/mtb_shared/mtb-pdl-cat2/release-v2.11.0/drivers/source/cy_sysint.o
                0x00005484                Cy_SysInt_Init
 .text.Cy_SysLib_Delay
                0x00005528       0x34 D:/SourceCode/ModusWorkspace/CN_FW_FORD132CD542_APP_MCU/build/FORD123_CD542_CY8C4147AZS-S285/Debug/ext/mtb_shared/mtb-pdl-cat2/release-v2.11.0/drivers/source/cy_syslib.o
                0x00005528                Cy_SysLib_Delay
 .text.Cy_SysLib_DelayUs
                0x0000555c       0x14 D:/SourceCode/ModusWorkspace/CN_FW_FORD132CD542_APP_MCU/build/FORD123_CD542_CY8C4147AZS-S285/Debug/ext/mtb_shared/mtb-pdl-cat2/release-v2.11.0/drivers/source/cy_syslib.o
                0x0000555c                Cy_SysLib_DelayUs
 .text.Cy_SysLib_GetResetReason
                0x00005570       0x10 D:/SourceCode/ModusWorkspace/CN_FW_FORD132CD542_APP_MCU/build/FORD123_CD542_CY8C4147AZS-S285/Debug/ext/mtb_shared/mtb-pdl-cat2/release-v2.11.0/drivers/source/cy_syslib.o
                0x00005570                Cy_SysLib_GetResetReason
 .text.Cy_SysLib_ProcessingFault
                0x00005580        0x2 D:/SourceCode/ModusWorkspace/CN_FW_FORD132CD542_APP_MCU/build/FORD123_CD542_CY8C4147AZS-S285/Debug/ext/mtb_shared/mtb-pdl-cat2/release-v2.11.0/drivers/source/cy_syslib.o
                0x00005580                Cy_SysLib_ProcessingFault
 *fill*         0x00005582        0x2 
 .text.Cy_SysLib_SetWaitStates
                0x00005584       0x38 D:/SourceCode/ModusWorkspace/CN_FW_FORD132CD542_APP_MCU/build/FORD123_CD542_CY8C4147AZS-S285/Debug/ext/mtb_shared/mtb-pdl-cat2/release-v2.11.0/drivers/source/cy_syslib.o
                0x00005584                Cy_SysLib_SetWaitStates
 .text.Cy_SysPm_RegisterCallback
                0x000055bc       0x94 D:/SourceCode/ModusWorkspace/CN_FW_FORD132CD542_APP_MCU/build/FORD123_CD542_CY8C4147AZS-S285/Debug/ext/mtb_shared/mtb-pdl-cat2/release-v2.11.0/drivers/source/cy_syspm.o
                0x000055bc                Cy_SysPm_RegisterCallback
 .text.Cy_TCPWM_Counter_Init
                0x00005650      0x130 D:/SourceCode/ModusWorkspace/CN_FW_FORD132CD542_APP_MCU/build/FORD123_CD542_CY8C4147AZS-S285/Debug/ext/mtb_shared/mtb-pdl-cat2/release-v2.11.0/drivers/source/cy_tcpwm_counter.o
                0x00005650                Cy_TCPWM_Counter_Init
 .text.Cy_TCPWM_PWM_Init
                0x00005780      0x198 D:/SourceCode/ModusWorkspace/CN_FW_FORD132CD542_APP_MCU/build/FORD123_CD542_CY8C4147AZS-S285/Debug/ext/mtb_shared/mtb-pdl-cat2/release-v2.11.0/drivers/source/cy_tcpwm_pwm.o
                0x00005780                Cy_TCPWM_PWM_Init
 .text.Cy_WDT_SetMatch
                0x00005918       0x20 D:/SourceCode/ModusWorkspace/CN_FW_FORD132CD542_APP_MCU/build/FORD123_CD542_CY8C4147AZS-S285/Debug/ext/mtb_shared/mtb-pdl-cat2/release-v2.11.0/drivers/source/cy_wdt.o
                0x00005918                Cy_WDT_SetMatch
 .text.Cy_WDT_SetIgnoreBits
                0x00005938       0x24 D:/SourceCode/ModusWorkspace/CN_FW_FORD132CD542_APP_MCU/build/FORD123_CD542_CY8C4147AZS-S285/Debug/ext/mtb_shared/mtb-pdl-cat2/release-v2.11.0/drivers/source/cy_wdt.o
                0x00005938                Cy_WDT_SetIgnoreBits
 .text.Cy_WDT_ClearInterrupt
                0x0000595c       0x10 D:/SourceCode/ModusWorkspace/CN_FW_FORD132CD542_APP_MCU/build/FORD123_CD542_CY8C4147AZS-S285/Debug/ext/mtb_shared/mtb-pdl-cat2/release-v2.11.0/drivers/source/cy_wdt.o
                0x0000595c                Cy_WDT_ClearInterrupt
 .text          0x0000596c      0x114 c:/users/admin/modustoolbox/tools_3.2/gcc/bin/../lib/gcc/arm-none-eabi/11.3.1/thumb/v6-m/nofp\libgcc.a(_udivsi3.o)
                0x0000596c                __aeabi_uidiv
                0x0000596c                __udivsi3
                0x00005a78                __aeabi_uidivmod
 .text          0x00005a80      0x1d4 c:/users/admin/modustoolbox/tools_3.2/gcc/bin/../lib/gcc/arm-none-eabi/11.3.1/thumb/v6-m/nofp\libgcc.a(_divsi3.o)
                0x00005a80                __divsi3
                0x00005a80                __aeabi_idiv
                0x00005c4c                __aeabi_idivmod
 .text          0x00005c54        0x4 c:/users/admin/modustoolbox/tools_3.2/gcc/bin/../lib/gcc/arm-none-eabi/11.3.1/thumb/v6-m/nofp\libgcc.a(_dvmd_tls.o)
                0x00005c54                __aeabi_idiv0
                0x00005c54                __aeabi_ldiv0
 .text.exit     0x00005c58       0x28 c:/users/admin/modustoolbox/tools_3.2/gcc/bin/../lib/gcc/arm-none-eabi/11.3.1/thumb/v6-m/nofp\libg_nano.a(libc_a-exit.o)
                0x00005c58                exit
 .text.sprintf  0x00005c80       0x40 c:/users/admin/modustoolbox/tools_3.2/gcc/bin/../lib/gcc/arm-none-eabi/11.3.1/thumb/v6-m/nofp\libg_nano.a(libc_a-sprintf.o)
                0x00005c80                siprintf
                0x00005c80                sprintf
 .text.memset   0x00005cc0       0x10 c:/users/admin/modustoolbox/tools_3.2/gcc/bin/../lib/gcc/arm-none-eabi/11.3.1/thumb/v6-m/nofp\libg_nano.a(libc_a-memset.o)
                0x00005cc0                memset
 .text.__libc_init_array
                0x00005cd0       0x48 c:/users/admin/modustoolbox/tools_3.2/gcc/bin/../lib/gcc/arm-none-eabi/11.3.1/thumb/v6-m/nofp\libg_nano.a(libc_a-init.o)
                0x00005cd0                __libc_init_array
 .text.__retarget_lock_acquire_recursive
                0x00005d18        0x2 c:/users/admin/modustoolbox/tools_3.2/gcc/bin/../lib/gcc/arm-none-eabi/11.3.1/thumb/v6-m/nofp\libg_nano.a(libc_a-lock.o)
                0x00005d18                __retarget_lock_acquire_recursive
 .text.__retarget_lock_release_recursive
                0x00005d1a        0x2 c:/users/admin/modustoolbox/tools_3.2/gcc/bin/../lib/gcc/arm-none-eabi/11.3.1/thumb/v6-m/nofp\libg_nano.a(libc_a-lock.o)
                0x00005d1a                __retarget_lock_release_recursive
 .text.memcpy   0x00005d1c       0x12 c:/users/admin/modustoolbox/tools_3.2/gcc/bin/../lib/gcc/arm-none-eabi/11.3.1/thumb/v6-m/nofp\libg_nano.a(libc_a-memcpy-stub.o)
                0x00005d1c                memcpy
 *fill*         0x00005d2e        0x2 
 .text._free_r  0x00005d30       0x94 c:/users/admin/modustoolbox/tools_3.2/gcc/bin/../lib/gcc/arm-none-eabi/11.3.1/thumb/v6-m/nofp\libg_nano.a(libc_a-freer.o)
                0x00005d30                _free_r
 .text.sbrk_aligned
                0x00005dc4       0x44 c:/users/admin/modustoolbox/tools_3.2/gcc/bin/../lib/gcc/arm-none-eabi/11.3.1/thumb/v6-m/nofp\libg_nano.a(libc_a-mallocr.o)
 .text._malloc_r
                0x00005e08       0xf4 c:/users/admin/modustoolbox/tools_3.2/gcc/bin/../lib/gcc/arm-none-eabi/11.3.1/thumb/v6-m/nofp\libg_nano.a(libc_a-mallocr.o)
                0x00005e08                _malloc_r
 .text.__malloc_lock
                0x00005efc       0x10 c:/users/admin/modustoolbox/tools_3.2/gcc/bin/../lib/gcc/arm-none-eabi/11.3.1/thumb/v6-m/nofp\libg_nano.a(libc_a-mlock.o)
                0x00005efc                __malloc_lock
 .text.__malloc_unlock
                0x00005f0c       0x10 c:/users/admin/modustoolbox/tools_3.2/gcc/bin/../lib/gcc/arm-none-eabi/11.3.1/thumb/v6-m/nofp\libg_nano.a(libc_a-mlock.o)
                0x00005f0c                __malloc_unlock
 .text.__ssputs_r
                0x00005f1c       0xc4 c:/users/admin/modustoolbox/tools_3.2/gcc/bin/../lib/gcc/arm-none-eabi/11.3.1/thumb/v6-m/nofp\libg_nano.a(libc_a-nano-svfprintf.o)
                0x00005f1c                __ssputs_r
 .text._svfprintf_r
                0x00005fe0      0x200 c:/users/admin/modustoolbox/tools_3.2/gcc/bin/../lib/gcc/arm-none-eabi/11.3.1/thumb/v6-m/nofp\libg_nano.a(libc_a-nano-svfprintf.o)
                0x00005fe0                _svfiprintf_r
                0x00005fe0                _svfprintf_r
 .text._printf_common
                0x000061e0       0xde c:/users/admin/modustoolbox/tools_3.2/gcc/bin/../lib/gcc/arm-none-eabi/11.3.1/thumb/v6-m/nofp\libg_nano.a(libc_a-nano-vfprintf_i.o)
                0x000061e0                _printf_common
 *fill*         0x000062be        0x2 
 .text._printf_i
                0x000062c0      0x220 c:/users/admin/modustoolbox/tools_3.2/gcc/bin/../lib/gcc/arm-none-eabi/11.3.1/thumb/v6-m/nofp\libg_nano.a(libc_a-nano-vfprintf_i.o)
                0x000062c0                _printf_i
 .text.memmove  0x000064e0       0x26 c:/users/admin/modustoolbox/tools_3.2/gcc/bin/../lib/gcc/arm-none-eabi/11.3.1/thumb/v6-m/nofp\libg_nano.a(libc_a-memmove.o)
                0x000064e0                memmove
 *fill*         0x00006506        0x2 
 .text._sbrk_r  0x00006508       0x24 c:/users/admin/modustoolbox/tools_3.2/gcc/bin/../lib/gcc/arm-none-eabi/11.3.1/thumb/v6-m/nofp\libg_nano.a(libc_a-sbrkr.o)
                0x00006508                _sbrk_r
 .text.memchr   0x0000652c       0x16 c:/users/admin/modustoolbox/tools_3.2/gcc/bin/../lib/gcc/arm-none-eabi/11.3.1/thumb/v6-m/nofp\libg_nano.a(libc_a-memchr-stub.o)
                0x0000652c                memchr
 .text._realloc_r
                0x00006542       0x5e c:/users/admin/modustoolbox/tools_3.2/gcc/bin/../lib/gcc/arm-none-eabi/11.3.1/thumb/v6-m/nofp\libg_nano.a(libc_a-reallocr.o)
                0x00006542                _realloc_r
 .text._malloc_usable_size_r
                0x000065a0       0x10 c:/users/admin/modustoolbox/tools_3.2/gcc/bin/../lib/gcc/arm-none-eabi/11.3.1/thumb/v6-m/nofp\libg_nano.a(libc_a-msizer.o)
                0x000065a0                _malloc_usable_size_r
 .text          0x000065b0       0x14 c:/users/admin/modustoolbox/tools_3.2/gcc/bin/../lib/gcc/arm-none-eabi/11.3.1/thumb/v6-m/nofp\libgcc.a(_thumb1_case_shi.o)
                0x000065b0                __gnu_thumb1_case_shi
 .text._sbrk    0x000065c4       0x1c c:/users/admin/modustoolbox/tools_3.2/gcc/bin/../lib/gcc/arm-none-eabi/11.3.1/thumb/v6-m/nofp\libnosys.a(sbrk.o)
                0x000065c4                _sbrk
 .text._exit    0x000065e0        0x4 c:/users/admin/modustoolbox/tools_3.2/gcc/bin/../lib/gcc/arm-none-eabi/11.3.1/thumb/v6-m/nofp\libnosys.a(_exit.o)
                0x000065e0                _exit
 *(.init)
 .init          0x000065e4        0x4 c:/users/admin/modustoolbox/tools_3.2/gcc/bin/../lib/gcc/arm-none-eabi/11.3.1/thumb/v6-m/nofp/crti.o
                0x000065e4                _init
 .init          0x000065e8        0x8 c:/users/admin/modustoolbox/tools_3.2/gcc/bin/../lib/gcc/arm-none-eabi/11.3.1/thumb/v6-m/nofp/crtn.o
 *(.fini)
 .fini          0x000065f0        0x4 c:/users/admin/modustoolbox/tools_3.2/gcc/bin/../lib/gcc/arm-none-eabi/11.3.1/thumb/v6-m/nofp/crti.o
                0x000065f0                _fini
 .fini          0x000065f4        0x8 c:/users/admin/modustoolbox/tools_3.2/gcc/bin/../lib/gcc/arm-none-eabi/11.3.1/thumb/v6-m/nofp/crtn.o
 *crtbegin.o(.ctors)
 *crtbegin?.o(.ctors)
 *(EXCLUDE_FILE(*crtend.o *crtend?.o) .ctors)
 *(SORT_BY_NAME(.ctors.*))
 *(.ctors)
 *crtbegin.o(.dtors)
 *crtbegin?.o(.dtors)
 *(EXCLUDE_FILE(*crtend.o *crtend?.o) .dtors)
 *(SORT_BY_NAME(.dtors.*))
 *(.dtors)
 *(.rodata .rodata.* .constdata .constdata.* .conststring .conststring.*)
 .rodata.BacklightApp_TempMonitor.str1.4
                0x000065fc       0x31 D:/SourceCode/ModusWorkspace/CN_FW_FORD132CD542_APP_MCU/build/FORD123_CD542_CY8C4147AZS-S285/Debug/app/src/BacklightApp.o
 *fill*         0x0000662d        0x3 
 .rodata.BatteryApp_PowerMonitor.str1.4
                0x00006630       0x24 D:/SourceCode/ModusWorkspace/CN_FW_FORD132CD542_APP_MCU/build/FORD123_CD542_CY8C4147AZS-S285/Debug/app/src/BatteryApp.o
 .rodata.DV_CORE_ASSB_FPN
                0x00006654       0x19 D:/SourceCode/ModusWorkspace/CN_FW_FORD132CD542_APP_MCU/build/FORD123_CD542_CY8C4147AZS-S285/Debug/app/src/DeviceApp.o
 *fill*         0x0000666d        0x3 
 .rodata.DV_DELIVER_ASSB_FPN
                0x00006670       0x19 D:/SourceCode/ModusWorkspace/CN_FW_FORD132CD542_APP_MCU/build/FORD123_CD542_CY8C4147AZS-S285/Debug/app/src/DeviceApp.o
 *fill*         0x00006689        0x3 
 .rodata.DV_DISP_ID
                0x0000668c        0x2 D:/SourceCode/ModusWorkspace/CN_FW_FORD132CD542_APP_MCU/build/FORD123_CD542_CY8C4147AZS-S285/Debug/app/src/DeviceApp.o
 *fill*         0x0000668e        0x2 
 .rodata.DV_MAINCAL_FPN
                0x00006690       0x19 D:/SourceCode/ModusWorkspace/CN_FW_FORD132CD542_APP_MCU/build/FORD123_CD542_CY8C4147AZS-S285/Debug/app/src/DeviceApp.o
 *fill*         0x000066a9        0x3 
 .rodata.DV_SERIAL_FPN
                0x000066ac       0x19 D:/SourceCode/ModusWorkspace/CN_FW_FORD132CD542_APP_MCU/build/FORD123_CD542_CY8C4147AZS-S285/Debug/app/src/DeviceApp.o
 *fill*         0x000066c5        0x3 
 .rodata.DV_SW_FPN
                0x000066c8       0x19 D:/SourceCode/ModusWorkspace/CN_FW_FORD132CD542_APP_MCU/build/FORD123_CD542_CY8C4147AZS-S285/Debug/app/src/DeviceApp.o
 *fill*         0x000066e1        0x3 
 .rodata.DiagApp_FaultCheckFlow.str1.4
                0x000066e4       0x2a D:/SourceCode/ModusWorkspace/CN_FW_FORD132CD542_APP_MCU/build/FORD123_CD542_CY8C4147AZS-S285/Debug/app/src/DiagApp.o
 *fill*         0x0000670e        0x2 
 .rodata.DiagApp_FpcCheckFlow.str1.4
                0x00006710       0x24 D:/SourceCode/ModusWorkspace/CN_FW_FORD132CD542_APP_MCU/build/FORD123_CD542_CY8C4147AZS-S285/Debug/app/src/DiagApp.o
 .rodata.DiagApp_LockCheckFlow.str1.4
                0x00006734       0x26 D:/SourceCode/ModusWorkspace/CN_FW_FORD132CD542_APP_MCU/build/FORD123_CD542_CY8C4147AZS-S285/Debug/app/src/DiagApp.o
 *fill*         0x0000675a        0x2 
 .rodata.I2CSlaveApp_TxWriteTransferDone
                0x0000675c       0x14 D:/SourceCode/ModusWorkspace/CN_FW_FORD132CD542_APP_MCU/build/FORD123_CD542_CY8C4147AZS-S285/Debug/app/src/I2C2SlaveApp.o
 .rodata.SlaveCallback
                0x00006770       0x84 D:/SourceCode/ModusWorkspace/CN_FW_FORD132CD542_APP_MCU/build/FORD123_CD542_CY8C4147AZS-S285/Debug/app/src/I2C2SlaveApp.o
 .rodata.INTBApp_Flow
                0x000067f4       0x14 D:/SourceCode/ModusWorkspace/CN_FW_FORD132CD542_APP_MCU/build/FORD123_CD542_CY8C4147AZS-S285/Debug/app/src/INTBApp.o
 .rodata.MainApp_Boot_Mode.str1.4
                0x00006808       0x2c D:/SourceCode/ModusWorkspace/CN_FW_FORD132CD542_APP_MCU/build/FORD123_CD542_CY8C4147AZS-S285/Debug/app/src/MainApp.o
 .rodata.MainApp_PreNormal_Mode.str1.4
                0x00006834       0x15 D:/SourceCode/ModusWorkspace/CN_FW_FORD132CD542_APP_MCU/build/FORD123_CD542_CY8C4147AZS-S285/Debug/app/src/MainApp.o
 *fill*         0x00006849        0x3 
 .rodata.MainApp_HandShake_Mode.str1.4
                0x0000684c       0x29 D:/SourceCode/ModusWorkspace/CN_FW_FORD132CD542_APP_MCU/build/FORD123_CD542_CY8C4147AZS-S285/Debug/app/src/MainApp.o
 *fill*         0x00006875        0x3 
 .rodata.MainApp_Sleep_Mode.str1.4
                0x00006878       0x11 D:/SourceCode/ModusWorkspace/CN_FW_FORD132CD542_APP_MCU/build/FORD123_CD542_CY8C4147AZS-S285/Debug/app/src/MainApp.o
 *fill*         0x00006889        0x3 
 .rodata.MainApp_PreSleep_Mode.str1.4
                0x0000688c       0x14 D:/SourceCode/ModusWorkspace/CN_FW_FORD132CD542_APP_MCU/build/FORD123_CD542_CY8C4147AZS-S285/Debug/app/src/MainApp.o
 .rodata.MainApp_Flow
                0x000068a0       0x18 D:/SourceCode/ModusWorkspace/CN_FW_FORD132CD542_APP_MCU/build/FORD123_CD542_CY8C4147AZS-S285/Debug/app/src/MainApp.o
 .rodata.PowerApp_PowerGoodFlow.str1.4
                0x000068b8       0x25 D:/SourceCode/ModusWorkspace/CN_FW_FORD132CD542_APP_MCU/build/FORD123_CD542_CY8C4147AZS-S285/Debug/app/src/PowerApp.o
 *fill*         0x000068dd        0x3 
 .rodata.RegisterApp_Setup